{"locations":[{"country":"Argentina","country_code":"AR","province":"Provincia de Buenos Aires","coordinates":{"lat":"33","long":"65"},"history":{"1/22/20":0,"1/23/20":0,"1/24/20":0,"1/25/20":0,"1/26/20":0,"1/27/20":0,"1/28/20":0,"1/29/20":0,"1/30/20":0,"1/31/20":0,"2/1/20":0,"2/2/20":0,"2/3/20":0,"2/4/20":0,"2/5/20":0,"2/6/20":0,"2/7/20":0,"2/8/20":0,"2/9/20":0,"2/10/20":0,"2/11/20":0,"2/12/20":0,"2/13/20":0,"2/14/20":0,"2/15/20":0,"2/16/20":0,"2/17/20":0,"2/18/20":0,"2/19/20":0,"2/20/20":0,"2/21/20":0,"2/22/20":0,"2/23/20":0,"2/24/20":1,"2/25/20":1,"2/26/20":1,"2/27/20":1,"2/28/20":1,"2/29/20":1,"3/1/20":1,"3/2/20":1,"3/3/20":1,"3/4/20":1,"3/5/20":1,"3/6/20":1,"3/7/20":1,"3/8/20":4,"3/9/20":4,"3/10/20":5,"3/11/20":7,"3/12/20":7,"3/13/20":7,"3/14/20":11,"3/15/20":16,"3/16/20":21,"3/17/20":22,"3/18/20":22,"3/19/20":22,"3/20/20":24,"3/21/20":24,"3/22/20":40,"3/23/20":40,"3/24/20":74,"3/25/20":84,"3/26/20":94,"3/27/20":110,"3/28/20":110,"3/29/20":120,"3/30/20":170,"3/31/20":174,"4/1/20":237,"4/2/20":273,"4/3/20":281,"4/4/20":299,"4/5/20":349,"4/6/20":367,"4/7/20":423,"4/8/20":444},"latest":444},{"country":"Argentina","country_code":"AR","province":"Catamarca","coordinates":{"lat":"41.1533","long":"20.1683"},"history":{"1/22/20":0,"1/23/20":0,"1/24/20":0,"1/25/20":0,"1/26/20":0,"1/27/20":0,"1/28/20":0,"1/29/20":0,"1/30/20":0,"1/31/20":0,"2/1/20":0,"2/2/20":0,"2/3/20":0,"2/4/20":0,"2/5/20":0,"2/6/20":0,"2/7/20":0,"2/8/20":0,"2/9/20":0,"2/10/20":0,"2/11/20":0,"2/12/20":0,"2/13/20":0,"2/14/20":0,"2/15/20":0,"2/16/20":0,"2/17/20":0,"2/18/20":0,"2/19/20":0,"2/20/20":0,"2/21/20":0,"2/22/20":0,"2/23/20":0,"2/24/20":0,"2/25/20":0,"2/26/20":0,"2/27/20":0,"2/28/20":0,"2/29/20":0,"3/1/20":0,"3/2/20":0,"3/3/20":0,"3/4/20":0,"3/5/20":0,"3/6/20":0,"3/7/20":0,"3/8/20":0,"3/9/20":2,"3/10/20":10,"3/11/20":12,"3/12/20":23,"3/13/20":33,"3/14/20":38,"3/15/20":42,"3/16/20":51,"3/17/20":55,"3/18/20":59,"3/19/20":64,"3/20/20":70,"3/21/20":76,"3/22/20":89,"3/23/20":104,"3/24/20":123,"3/25/20":146,"3/26/20":174,"3/27/20":186,"3/28/20":197,"3/29/20":212,"3/30/20":223,"3/31/20":243,"4/1/20":259,"4/2/20":277,"4/3/20":304,"4/4/20":333,"4/5/20":361,"4/6/20":377,"4/7/20":383,"4/8/20":400},"latest":400},{"country":"Argentina","country_code":"AR","province":"Chaco","coordinates":{"lat":"28.0339","long":"1.6596"},"history":{"1/22/20":0,"1/23/20":0,"1/24/20":0,"1/25/20":0,"1/26/20":0,"1/27/20":0,"1/28/20":0,"1/29/20":0,"1/30/20":0,"1/31/20":0,"2/1/20":0,"2/2/20":0,"2/3/20":0,"2/4/20":0,"2/5/20":0,"2/6/20":0,"2/7/20":0,"2/8/20":0,"2/9/20":0,"2/10/20":0,"2/11/20":0,"2/12/20":0,"2/13/20":0,"2/14/20":0,"2/15/20":0,"2/16/20":0,"2/17/20":0,"2/18/20":0,"2/19/20":0,"2/20/20":0,"2/21/20":0,"2/22/20":0,"2/23/20":0,"2/24/20":0,"2/25/20":1,"2/26/20":1,"2/27/20":1,"2/28/20":1,"2/29/20":1,"3/1/20":1,"3/2/20":3,"3/3/20":5,"3/4/20":12,"3/5/20":12,"3/6/20":17,"3/7/20":17,"3/8/20":19,"3/9/20":20,"3/10/20":20,"3/11/20":20,"3/12/20":24,"3/13/20":26,"3/14/20":37,"3/15/20":48,"3/16/20":54,"3/17/20":60,"3/18/20":74,"3/19/20":87,"3/20/20":90,"3/21/20":139,"3/22/20":201,"3/23/20":230,"3/24/20":264,"3/25/20":302,"3/26/20":367,"3/27/20":409,"3/28/20":454,"3/29/20":511,"3/30/20":584,"3/31/20":716,"4/1/20":847,"4/2/20":986,"4/3/20":1171,"4/4/20":1251,"4/5/20":1320,"4/6/20":1423,"4/7/20":1468,"4/8/20":1572},"latest":1572},{"country":"Argentina","country_code":"AR","province":"Chubut","coordinates":{"lat":"42.5063","long":"1.5218"},"history":{"1/22/20":0,"1/23/20":0,"1/24/20":0,"1/25/20":0,"1/26/20":0,"1/27/20":0,"1/28/20":0,"1/29/20":0,"1/30/20":0,"1/31/20":0,"2/1/20":0,"2/2/20":0,"2/3/20":0,"2/4/20":0,"2/5/20":0,"2/6/20":0,"2/7/20":0,"2/8/20":0,"2/9/20":0,"2/10/20":0,"2/11/20":0,"2/12/20":0,"2/13/20":0,"2/14/20":0,"2/15/20":0,"2/16/20":0,"2/17/20":0,"2/18/20":0,"2/19/20":0,"2/20/20":0,"2/21/20":0,"2/22/20":0,"2/23/20":0,"2/24/20":0,"2/25/20":0,"2/26/20":0,"2/27/20":0,"2/28/20":0,"2/29/20":0,"3/1/20":0,"3/2/20":1,"3/3/20":1,"3/4/20":1,"3/5/20":1,"3/6/20":1,"3/7/20":1,"3/8/20":1,"3/9/20":1,"3/10/20":1,"3/11/20":1,"3/12/20":1,"3/13/20":1,"3/14/20":1,"3/15/20":1,"3/16/20":2,"3/17/20":39,"3/18/20":39,"3/19/20":53,"3/20/20":75,"3/21/20":88,"3/22/20":113,"3/23/20":133,"3/24/20":164,"3/25/20":188,"3/26/20":224,"3/27/20":267,"3/28/20":308,"3/29/20":334,"3/30/20":370,"3/31/20":376,"4/1/20":390,"4/2/20":428,"4/3/20":439,"4/4/20":466,"4/5/20":501,"4/6/20":525,"4/7/20":545,"4/8/20":564},"latest":564},{"country":"Argentina","country_code":"AR","province":"C+APM-rdoba","coordinates":{"lat":"+AC0-11.2027","long":"17.8739"},"history":{"1/22/20":0,"1/23/20":0,"1/24/20":0,"1/25/20":0,"1/26/20":0,"1/27/20":0,"1/28/20":0,"1/29/20":0,"1/30/20":0,"1/31/20":0,"2/1/20":0,"2/2/20":0,"2/3/20":0,"2/4/20":0,"2/5/20":0,"2/6/20":0,"2/7/20":0,"2/8/20":0,"2/9/20":0,"2/10/20":0,"2/11/20":0,"2/12/20":0,"2/13/20":0,"2/14/20":0,"2/15/20":0,"2/16/20":0,"2/17/20":0,"2/18/20":0,"2/19/20":0,"2/20/20":0,"2/21/20":0,"2/22/20":0,"2/23/20":0,"2/24/20":0,"2/25/20":0,"2/26/20":0,"2/27/20":0,"2/28/20":0,"2/29/20":0,"3/1/20":0,"3/2/20":0,"3/3/20":0,"3/4/20":0,"3/5/20":0,"3/6/20":0,"3/7/20":0,"3/8/20":0,"3/9/20":0,"3/10/20":0,"3/11/20":0,"3/12/20":0,"3/13/20":0,"3/14/20":0,"3/15/20":0,"3/16/20":0,"3/17/20":0,"3/18/20":0,"3/19/20":0,"3/20/20":1,"3/21/20":2,"3/22/20":2,"3/23/20":3,"3/24/20":3,"3/25/20":3,"3/26/20":4,"3/27/20":4,"3/28/20":5,"3/29/20":7,"3/30/20":7,"3/31/20":7,"4/1/20":8,"4/2/20":8,"4/3/20":8,"4/4/20":10,"4/5/20":14,"4/6/20":16,"4/7/20":17,"4/8/20":19},"latest":19},{"country":"Argentina","country_code":"AR","province":"Corrientes","coordinates":{"lat":"17.0608","long":"+AC0-61.7964"},"history":{"1/22/20":0,"1/23/20":0,"1/24/20":0,"1/25/20":0,"1/26/20":0,"1/27/20":0,"1/28/20":0,"1/29/20":0,"1/30/20":0,"1/31/20":0,"2/1/20":0,"2/2/20":0,"2/3/20":0,"2/4/20":0,"2/5/20":0,"2/6/20":0,"2/7/20":0,"2/8/20":0,"2/9/20":0,"2/10/20":0,"2/11/20":0,"2/12/20":0,"2/13/20":0,"2/14/20":0,"2/15/20":0,"2/16/20":0,"2/17/20":0,"2/18/20":0,"2/19/20":0,"2/20/20":0,"2/21/20":0,"2/22/20":0,"2/23/20":0,"2/24/20":0,"2/25/20":0,"2/26/20":0,"2/27/20":0,"2/28/20":0,"2/29/20":0,"3/1/20":0,"3/2/20":0,"3/3/20":0,"3/4/20":0,"3/5/20":0,"3/6/20":0,"3/7/20":0,"3/8/20":0,"3/9/20":0,"3/10/20":0,"3/11/20":0,"3/12/20":0,"3/13/20":1,"3/14/20":1,"3/15/20":1,"3/16/20":1,"3/17/20":1,"3/18/20":1,"3/19/20":1,"3/20/20":1,"3/21/20":1,"3/22/20":1,"3/23/20":3,"3/24/20":3,"3/25/20":3,"3/26/20":7,"3/27/20":7,"3/28/20":7,"3/29/20":7,"3/30/20":7,"3/31/20":7,"4/1/20":7,"4/2/20":9,"4/3/20":15,"4/4/20":15,"4/5/20":15,"4/6/20":15,"4/7/20":19,"4/8/20":19},"latest":19},{"country":"Argentina","country_code":"AR","province":"Entre R+AO0-os","coordinates":{"lat":"+AC0-38.4161","long":"+AC0-63.6167"},"history":{"1/22/20":0,"1/23/20":0,"1/24/20":0,"1/25/20":0,"1/26/20":0,"1/27/20":0,"1/28/20":0,"1/29/20":0,"1/30/20":0,"1/31/20":0,"2/1/20":0,"2/2/20":0,"2/3/20":0,"2/4/20":0,"2/5/20":0,"2/6/20":0,"2/7/20":0,"2/8/20":0,"2/9/20":0,"2/10/20":0,"2/11/20":0,"2/12/20":0,"2/13/20":0,"2/14/20":0,"2/15/20":0,"2/16/20":0,"2/17/20":0,"2/18/20":0,"2/19/20":0,"2/20/20":0,"2/21/20":0,"2/22/20":0,"2/23/20":0,"2/24/20":0,"2/25/20":0,"2/26/20":0,"2/27/20":0,"2/28/20":0,"2/29/20":0,"3/1/20":0,"3/2/20":0,"3/3/20":1,"3/4/20":1,"3/5/20":1,"3/6/20":2,"3/7/20":8,"3/8/20":12,"3/9/20":12,"3/10/20":17,"3/11/20":19,"3/12/20":19,"3/13/20":31,"3/14/20":34,"3/15/20":45,"3/16/20":56,"3/17/20":68,"3/18/20":79,"3/19/20":97,"3/20/20":128,"3/21/20":158,"3/22/20":266,"3/23/20":301,"3/24/20":387,"3/25/20":387,"3/26/20":502,"3/27/20":589,"3/28/20":690,"3/29/20":745,"3/30/20":820,"3/31/20":1054,"4/1/20":1054,"4/2/20":1133,"4/3/20":1265,"4/4/20":1451,"4/5/20":1451,"4/6/20":1554,"4/7/20":1628,"4/8/20":1715},"latest":1715},{"country":"Argentina","country_code":"AR","province":"Formosa","coordinates":{"lat":"40.0691","long":"45.0382"},"history":{"1/22/20":0,"1/23/20":0,"1/24/20":0,"1/25/20":0,"1/26/20":0,"1/27/20":0,"1/28/20":0,"1/29/20":0,"1/30/20":0,"1/31/20":0,"2/1/20":0,"2/2/20":0,"2/3/20":0,"2/4/20":0,"2/5/20":0,"2/6/20":0,"2/7/20":0,"2/8/20":0,"2/9/20":0,"2/10/20":0,"2/11/20":0,"2/12/20":0,"2/13/20":0,"2/14/20":0,"2/15/20":0,"2/16/20":0,"2/17/20":0,"2/18/20":0,"2/19/20":0,"2/20/20":0,"2/21/20":0,"2/22/20":0,"2/23/20":0,"2/24/20":0,"2/25/20":0,"2/26/20":0,"2/27/20":0,"2/28/20":0,"2/29/20":0,"3/1/20":1,"3/2/20":1,"3/3/20":1,"3/4/20":1,"3/5/20":1,"3/6/20":1,"3/7/20":1,"3/8/20":1,"3/9/20":1,"3/10/20":1,"3/11/20":1,"3/12/20":4,"3/13/20":8,"3/14/20":18,"3/15/20":26,"3/16/20":52,"3/17/20":78,"3/18/20":84,"3/19/20":115,"3/20/20":136,"3/21/20":160,"3/22/20":194,"3/23/20":235,"3/24/20":249,"3/25/20":265,"3/26/20":290,"3/27/20":329,"3/28/20":407,"3/29/20":424,"3/30/20":482,"3/31/20":532,"4/1/20":571,"4/2/20":663,"4/3/20":736,"4/4/20":770,"4/5/20":822,"4/6/20":833,"4/7/20":853,"4/8/20":881},"latest":881},{"country":"Argentina","country_code":"AR","province":"Jujuy","coordinates":{"lat":"+AC0-35.4735","long":"149.0124"},"history":{"1/22/20":0,"1/23/20":0,"1/24/20":0,"1/25/20":0,"1/26/20":0,"1/27/20":0,"1/28/20":0,"1/29/20":0,"1/30/20":0,"1/31/20":0,"2/1/20":0,"2/2/20":0,"2/3/20":0,"2/4/20":0,"2/5/20":0,"2/6/20":0,"2/7/20":0,"2/8/20":0,"2/9/20":0,"2/10/20":0,"2/11/20":0,"2/12/20":0,"2/13/20":0,"2/14/20":0,"2/15/20":0,"2/16/20":0,"2/17/20":0,"2/18/20":0,"2/19/20":0,"2/20/20":0,"2/21/20":0,"2/22/20":0,"2/23/20":0,"2/24/20":0,"2/25/20":0,"2/26/20":0,"2/27/20":0,"2/28/20":0,"2/29/20":0,"3/1/20":0,"3/2/20":0,"3/3/20":0,"3/4/20":0,"3/5/20":0,"3/6/20":0,"3/7/20":0,"3/8/20":0,"3/9/20":0,"3/10/20":0,"3/11/20":0,"3/12/20":0,"3/13/20":1,"3/14/20":1,"3/15/20":1,"3/16/20":2,"3/17/20":2,"3/18/20":3,"3/19/20":4,"3/20/20":6,"3/21/20":9,"3/22/20":19,"3/23/20":32,"3/24/20":39,"3/25/20":39,"3/26/20":53,"3/27/20":62,"3/28/20":71,"3/29/20":77,"3/30/20":78,"3/31/20":80,"4/1/20":84,"4/2/20":87,"4/3/20":91,"4/4/20":93,"4/5/20":96,"4/6/20":96,"4/7/20":96,"4/8/20":99},"latest":99},{"country":"Argentina","country_code":"AR","province":"La Pampa","coordinates":{"lat":"+AC0-33.8688","long":"151.2093"},"history":{"1/22/20":0,"1/23/20":0,"1/24/20":0,"1/25/20":0,"1/26/20":3,"1/27/20":4,"1/28/20":4,"1/29/20":4,"1/30/20":4,"1/31/20":4,"2/1/20":4,"2/2/20":4,"2/3/20":4,"2/4/20":4,"2/5/20":4,"2/6/20":4,"2/7/20":4,"2/8/20":4,"2/9/20":4,"2/10/20":4,"2/11/20":4,"2/12/20":4,"2/13/20":4,"2/14/20":4,"2/15/20":4,"2/16/20":4,"2/17/20":4,"2/18/20":4,"2/19/20":4,"2/20/20":4,"2/21/20":4,"2/22/20":4,"2/23/20":4,"2/24/20":4,"2/25/20":4,"2/26/20":4,"2/27/20":4,"2/28/20":4,"2/29/20":4,"3/1/20":6,"3/2/20":6,"3/3/20":13,"3/4/20":22,"3/5/20":22,"3/6/20":26,"3/7/20":28,"3/8/20":38,"3/9/20":48,"3/10/20":55,"3/11/20":65,"3/12/20":65,"3/13/20":92,"3/14/20":112,"3/15/20":134,"3/16/20":171,"3/17/20":210,"3/18/20":267,"3/19/20":307,"3/20/20":353,"3/21/20":436,"3/22/20":669,"3/23/20":669,"3/24/20":818,"3/25/20":1029,"3/26/20":1219,"3/27/20":1405,"3/28/20":1617,"3/29/20":1791,"3/30/20":2032,"3/31/20":2032,"4/1/20":2182,"4/2/20":2298,"4/3/20":2389,"4/4/20":2493,"4/5/20":2580,"4/6/20":2637,"4/7/20":2686,"4/8/20":2734},"latest":2734},{"country":"Argentina","country_code":"AR","province":"La Rioja","coordinates":{"lat":"+AC0-12.4634","long":"130.8456"},"history":{"1/22/20":0,"1/23/20":0,"1/24/20":0,"1/25/20":0,"1/26/20":0,"1/27/20":0,"1/28/20":0,"1/29/20":0,"1/30/20":0,"1/31/20":0,"2/1/20":0,"2/2/20":0,"2/3/20":0,"2/4/20":0,"2/5/20":0,"2/6/20":0,"2/7/20":0,"2/8/20":0,"2/9/20":0,"2/10/20":0,"2/11/20":0,"2/12/20":0,"2/13/20":0,"2/14/20":0,"2/15/20":0,"2/16/20":0,"2/17/20":0,"2/18/20":0,"2/19/20":0,"2/20/20":0,"2/21/20":0,"2/22/20":0,"2/23/20":0,"2/24/20":0,"2/25/20":0,"2/26/20":0,"2/27/20":0,"2/28/20":0,"2/29/20":0,"3/1/20":0,"3/2/20":0,"3/3/20":0,"3/4/20":1,"3/5/20":1,"3/6/20":0,"3/7/20":0,"3/8/20":0,"3/9/20":0,"3/10/20":1,"3/11/20":1,"3/12/20":1,"3/13/20":1,"3/14/20":1,"3/15/20":1,"3/16/20":1,"3/17/20":1,"3/18/20":1,"3/19/20":1,"3/20/20":3,"3/21/20":3,"3/22/20":5,"3/23/20":5,"3/24/20":6,"3/25/20":6,"3/26/20":12,"3/27/20":12,"3/28/20":15,"3/29/20":15,"3/30/20":15,"3/31/20":17,"4/1/20":19,"4/2/20":21,"4/3/20":22,"4/4/20":26,"4/5/20":27,"4/6/20":28,"4/7/20":28,"4/8/20":28},"latest":28},{"country":"Argentina","country_code":"AR","province":"Mendoza","coordinates":{"lat":"+AC0-28.0167","long":"153.4"},"history":{"1/22/20":0,"1/23/20":0,"1/24/20":0,"1/25/20":0,"1/26/20":0,"1/27/20":0,"1/28/20":0,"1/29/20":1,"1/30/20":3,"1/31/20":2,"2/1/20":3,"2/2/20":2,"2/3/20":2,"2/4/20":3,"2/5/20":3,"2/6/20":4,"2/7/20":5,"2/8/20":5,"2/9/20":5,"2/10/20":5,"2/11/20":5,"2/12/20":5,"2/13/20":5,"2/14/20":5,"2/15/20":5,"2/16/20":5,"2/17/20":5,"2/18/20":5,"2/19/20":5,"2/20/20":5,"2/21/20":5,"2/22/20":5,"2/23/20":5,"2/24/20":5,"2/25/20":5,"2/26/20":5,"2/27/20":5,"2/28/20":5,"2/29/20":9,"3/1/20":9,"3/2/20":9,"3/3/20":11,"3/4/20":11,"3/5/20":13,"3/6/20":13,"3/7/20":13,"3/8/20":15,"3/9/20":15,"3/10/20":18,"3/11/20":20,"3/12/20":20,"3/13/20":35,"3/14/20":46,"3/15/20":61,"3/16/20":68,"3/17/20":78,"3/18/20":94,"3/19/20":144,"3/20/20":184,"3/21/20":221,"3/22/20":259,"3/23/20":319,"3/24/20":397,"3/25/20":443,"3/26/20":493,"3/27/20":555,"3/28/20":625,"3/29/20":656,"3/30/20":689,"3/31/20":743,"4/1/20":781,"4/2/20":835,"4/3/20":873,"4/4/20":900,"4/5/20":907,"4/6/20":921,"4/7/20":934,"4/8/20":943},"latest":943},{"country":"Argentina","country_code":"AR","province":"Misiones","coordinates":{"lat":"+AC0-34.9285","long":"138.6007"},"history":{"1/22/20":0,"1/23/20":0,"1/24/20":0,"1/25/20":0,"1/26/20":0,"1/27/20":0,"1/28/20":0,"1/29/20":0,"1/30/20":0,"1/31/20":0,"2/1/20":1,"2/2/20":2,"2/3/20":2,"2/4/20":2,"2/5/20":2,"2/6/20":2,"2/7/20":2,"2/8/20":2,"2/9/20":2,"2/10/20":2,"2/11/20":2,"2/12/20":2,"2/13/20":2,"2/14/20":2,"2/15/20":2,"2/16/20":2,"2/17/20":2,"2/18/20":2,"2/19/20":2,"2/20/20":2,"2/21/20":2,"2/22/20":2,"2/23/20":2,"2/24/20":2,"2/25/20":2,"2/26/20":2,"2/27/20":2,"2/28/20":2,"2/29/20":3,"3/1/20":3,"3/2/20":3,"3/3/20":3,"3/4/20":5,"3/5/20":5,"3/6/20":7,"3/7/20":7,"3/8/20":7,"3/9/20":7,"3/10/20":7,"3/11/20":9,"3/12/20":9,"3/13/20":16,"3/14/20":19,"3/15/20":20,"3/16/20":29,"3/17/20":29,"3/18/20":37,"3/19/20":42,"3/20/20":50,"3/21/20":67,"3/22/20":100,"3/23/20":134,"3/24/20":170,"3/25/20":170,"3/26/20":235,"3/27/20":257,"3/28/20":287,"3/29/20":299,"3/30/20":305,"3/31/20":337,"4/1/20":367,"4/2/20":367,"4/3/20":396,"4/4/20":407,"4/5/20":407,"4/6/20":411,"4/7/20":411,"4/8/20":415},"latest":415},{"country":"Argentina","country_code":"AR","province":"Neuqu+AOk-n","coordinates":{"lat":"+AC0-41.4545","long":"145.9707"},"history":{"1/22/20":0,"1/23/20":0,"1/24/20":0,"1/25/20":0,"1/26/20":0,"1/27/20":0,"1/28/20":0,"1/29/20":0,"1/30/20":0,"1/31/20":0,"2/1/20":0,"2/2/20":0,"2/3/20":0,"2/4/20":0,"2/5/20":0,"2/6/20":0,"2/7/20":0,"2/8/20":0,"2/9/20":0,"2/10/20":0,"2/11/20":0,"2/12/20":0,"2/13/20":0,"2/14/20":0,"2/15/20":0,"2/16/20":0,"2/17/20":0,"2/18/20":0,"2/19/20":0,"2/20/20":0,"2/21/20":0,"2/22/20":0,"2/23/20":0,"2/24/20":0,"2/25/20":0,"2/26/20":0,"2/27/20":0,"2/28/20":0,"2/29/20":0,"3/1/20":0,"3/2/20":1,"3/3/20":1,"3/4/20":1,"3/5/20":1,"3/6/20":1,"3/7/20":1,"3/8/20":2,"3/9/20":2,"3/10/20":2,"3/11/20":3,"3/12/20":3,"3/13/20":5,"3/14/20":5,"3/15/20":6,"3/16/20":7,"3/17/20":7,"3/18/20":10,"3/19/20":10,"3/20/20":10,"3/21/20":16,"3/22/20":22,"3/23/20":28,"3/24/20":28,"3/25/20":36,"3/26/20":47,"3/27/20":47,"3/28/20":62,"3/29/20":66,"3/30/20":66,"3/31/20":69,"4/1/20":69,"4/2/20":72,"4/3/20":74,"4/4/20":80,"4/5/20":82,"4/6/20":86,"4/7/20":89,"4/8/20":98},"latest":98},{"country":"Argentina","country_code":"AR","province":"R+AO0-o Negro","coordinates":{"lat":"+AC0-37.8136","long":"144.9631"},"history":{"1/22/20":0,"1/23/20":0,"1/24/20":0,"1/25/20":0,"1/26/20":1,"1/27/20":1,"1/28/20":1,"1/29/20":1,"1/30/20":2,"1/31/20":3,"2/1/20":4,"2/2/20":4,"2/3/20":4,"2/4/20":4,"2/5/20":4,"2/6/20":4,"2/7/20":4,"2/8/20":4,"2/9/20":4,"2/10/20":4,"2/11/20":4,"2/12/20":4,"2/13/20":4,"2/14/20":4,"2/15/20":4,"2/16/20":4,"2/17/20":4,"2/18/20":4,"2/19/20":4,"2/20/20":4,"2/21/20":4,"2/22/20":4,"2/23/20":4,"2/24/20":4,"2/25/20":4,"2/26/20":4,"2/27/20":4,"2/28/20":4,"2/29/20":7,"3/1/20":7,"3/2/20":9,"3/3/20":9,"3/4/20":10,"3/5/20":10,"3/6/20":10,"3/7/20":11,"3/8/20":11,"3/9/20":15,"3/10/20":18,"3/11/20":21,"3/12/20":21,"3/13/20":36,"3/14/20":49,"3/15/20":57,"3/16/20":71,"3/17/20":94,"3/18/20":121,"3/19/20":121,"3/20/20":121,"3/21/20":229,"3/22/20":355,"3/23/20":355,"3/24/20":411,"3/25/20":466,"3/26/20":520,"3/27/20":574,"3/28/20":685,"3/29/20":769,"3/30/20":821,"3/31/20":917,"4/1/20":968,"4/2/20":1036,"4/3/20":1085,"4/4/20":1115,"4/5/20":1135,"4/6/20":1158,"4/7/20":1191,"4/8/20":1212},"latest":1212},{"country":"Argentina","country_code":"AR","province":"Salta","coordinates":{"lat":"+AC0-31.9505","long":"115.8605"},"history":{"1/22/20":0,"1/23/20":0,"1/24/20":0,"1/25/20":0,"1/26/20":0,"1/27/20":0,"1/28/20":0,"1/29/20":0,"1/30/20":0,"1/31/20":0,"2/1/20":0,"2/2/20":0,"2/3/20":0,"2/4/20":0,"2/5/20":0,"2/6/20":0,"2/7/20":0,"2/8/20":0,"2/9/20":0,"2/10/20":0,"2/11/20":0,"2/12/20":0,"2/13/20":0,"2/14/20":0,"2/15/20":0,"2/16/20":0,"2/17/20":0,"2/18/20":0,"2/19/20":0,"2/20/20":0,"2/21/20":0,"2/22/20":0,"2/23/20":0,"2/24/20":0,"2/25/20":0,"2/26/20":0,"2/27/20":0,"2/28/20":0,"2/29/20":2,"3/1/20":2,"3/2/20":2,"3/3/20":2,"3/4/20":2,"3/5/20":3,"3/6/20":3,"3/7/20":3,"3/8/20":3,"3/9/20":4,"3/10/20":6,"3/11/20":9,"3/12/20":9,"3/13/20":14,"3/14/20":17,"3/15/20":17,"3/16/20":28,"3/17/20":31,"3/18/20":35,"3/19/20":52,"3/20/20":64,"3/21/20":90,"3/22/20":120,"3/23/20":140,"3/24/20":175,"3/25/20":175,"3/26/20":231,"3/27/20":231,"3/28/20":278,"3/29/20":311,"3/30/20":355,"3/31/20":364,"4/1/20":392,"4/2/20":400,"4/3/20":400,"4/4/20":436,"4/5/20":453,"4/6/20":460,"4/7/20":460,"4/8/20":481},"latest":481},{"country":"Argentina","country_code":"AR","province":"San Juan","coordinates":{"lat":"47.5162","long":"14.5501"},"history":{"1/22/20":0,"1/23/20":0,"1/24/20":0,"1/25/20":0,"1/26/20":0,"1/27/20":0,"1/28/20":0,"1/29/20":0,"1/30/20":0,"1/31/20":0,"2/1/20":0,"2/2/20":0,"2/3/20":0,"2/4/20":0,"2/5/20":0,"2/6/20":0,"2/7/20":0,"2/8/20":0,"2/9/20":0,"2/10/20":0,"2/11/20":0,"2/12/20":0,"2/13/20":0,"2/14/20":0,"2/15/20":0,"2/16/20":0,"2/17/20":0,"2/18/20":0,"2/19/20":0,"2/20/20":0,"2/21/20":0,"2/22/20":0,"2/23/20":0,"2/24/20":0,"2/25/20":2,"2/26/20":2,"2/27/20":3,"2/28/20":3,"2/29/20":9,"3/1/20":14,"3/2/20":18,"3/3/20":21,"3/4/20":29,"3/5/20":41,"3/6/20":55,"3/7/20":79,"3/8/20":104,"3/9/20":131,"3/10/20":182,"3/11/20":246,"3/12/20":302,"3/13/20":504,"3/14/20":655,"3/15/20":860,"3/16/20":1018,"3/17/20":1332,"3/18/20":1646,"3/19/20":2013,"3/20/20":2388,"3/21/20":2814,"3/22/20":3582,"3/23/20":4474,"3/24/20":5283,"3/25/20":5588,"3/26/20":6909,"3/27/20":7657,"3/28/20":8271,"3/29/20":8788,"3/30/20":9618,"3/31/20":10180,"4/1/20":10711,"4/2/20":11129,"4/3/20":11524,"4/4/20":11781,"4/5/20":12051,"4/6/20":12297,"4/7/20":12639,"4/8/20":12942},"latest":12942},{"country":"Argentina","country_code":"AR","province":"San Luis","coordinates":{"lat":"40.1431","long":"47.5769"},"history":{"1/22/20":0,"1/23/20":0,"1/24/20":0,"1/25/20":0,"1/26/20":0,"1/27/20":0,"1/28/20":0,"1/29/20":0,"1/30/20":0,"1/31/20":0,"2/1/20":0,"2/2/20":0,"2/3/20":0,"2/4/20":0,"2/5/20":0,"2/6/20":0,"2/7/20":0,"2/8/20":0,"2/9/20":0,"2/10/20":0,"2/11/20":0,"2/12/20":0,"2/13/20":0,"2/14/20":0,"2/15/20":0,"2/16/20":0,"2/17/20":0,"2/18/20":0,"2/19/20":0,"2/20/20":0,"2/21/20":0,"2/22/20":0,"2/23/20":0,"2/24/20":0,"2/25/20":0,"2/26/20":0,"2/27/20":0,"2/28/20":0,"2/29/20":0,"3/1/20":3,"3/2/20":3,"3/3/20":3,"3/4/20":3,"3/5/20":6,"3/6/20":6,"3/7/20":9,"3/8/20":9,"3/9/20":9,"3/10/20":11,"3/11/20":11,"3/12/20":11,"3/13/20":15,"3/14/20":15,"3/15/20":23,"3/16/20":28,"3/17/20":28,"3/18/20":28,"3/19/20":44,"3/20/20":44,"3/21/20":53,"3/22/20":65,"3/23/20":72,"3/24/20":87,"3/25/20":93,"3/26/20":122,"3/27/20":165,"3/28/20":182,"3/29/20":209,"3/30/20":273,"3/31/20":298,"4/1/20":359,"4/2/20":400,"4/3/20":443,"4/4/20":521,"4/5/20":584,"4/6/20":641,"4/7/20":717,"4/8/20":822},"latest":822},{"country":"Argentina","country_code":"AR","province":"Santa Cruz","coordinates":{"lat":"25.0343","long":"+AC0-77.3963"},"history":{"1/22/20":0,"1/23/20":0,"1/24/20":0,"1/25/20":0,"1/26/20":0,"1/27/20":0,"1/28/20":0,"1/29/20":0,"1/30/20":0,"1/31/20":0,"2/1/20":0,"2/2/20":0,"2/3/20":0,"2/4/20":0,"2/5/20":0,"2/6/20":0,"2/7/20":0,"2/8/20":0,"2/9/20":0,"2/10/20":0,"2/11/20":0,"2/12/20":0,"2/13/20":0,"2/14/20":0,"2/15/20":0,"2/16/20":0,"2/17/20":0,"2/18/20":0,"2/19/20":0,"2/20/20":0,"2/21/20":0,"2/22/20":0,"2/23/20":0,"2/24/20":0,"2/25/20":0,"2/26/20":0,"2/27/20":0,"2/28/20":0,"2/29/20":0,"3/1/20":0,"3/2/20":0,"3/3/20":0,"3/4/20":0,"3/5/20":0,"3/6/20":0,"3/7/20":0,"3/8/20":0,"3/9/20":0,"3/10/20":0,"3/11/20":0,"3/12/20":0,"3/13/20":0,"3/14/20":0,"3/15/20":0,"3/16/20":1,"3/17/20":1,"3/18/20":1,"3/19/20":3,"3/20/20":3,"3/21/20":4,"3/22/20":4,"3/23/20":4,"3/24/20":5,"3/25/20":5,"3/26/20":9,"3/27/20":10,"3/28/20":10,"3/29/20":11,"3/30/20":14,"3/31/20":14,"4/1/20":21,"4/2/20":24,"4/3/20":24,"4/4/20":28,"4/5/20":28,"4/6/20":29,"4/7/20":33,"4/8/20":40},"latest":40},{"country":"Argentina","country_code":"AR","province":"Santa Fe","coordinates":{"lat":"26.0275","long":"50.55"},"history":{"1/22/20":0,"1/23/20":0,"1/24/20":0,"1/25/20":0,"1/26/20":0,"1/27/20":0,"1/28/20":0,"1/29/20":0,"1/30/20":0,"1/31/20":0,"2/1/20":0,"2/2/20":0,"2/3/20":0,"2/4/20":0,"2/5/20":0,"2/6/20":0,"2/7/20":0,"2/8/20":0,"2/9/20":0,"2/10/20":0,"2/11/20":0,"2/12/20":0,"2/13/20":0,"2/14/20":0,"2/15/20":0,"2/16/20":0,"2/17/20":0,"2/18/20":0,"2/19/20":0,"2/20/20":0,"2/21/20":0,"2/22/20":0,"2/23/20":0,"2/24/20":1,"2/25/20":23,"2/26/20":33,"2/27/20":33,"2/28/20":36,"2/29/20":41,"3/1/20":47,"3/2/20":49,"3/3/20":49,"3/4/20":52,"3/5/20":55,"3/6/20":60,"3/7/20":85,"3/8/20":85,"3/9/20":95,"3/10/20":110,"3/11/20":195,"3/12/20":195,"3/13/20":195,"3/14/20":210,"3/15/20":214,"3/16/20":214,"3/17/20":228,"3/18/20":256,"3/19/20":278,"3/20/20":285,"3/21/20":305,"3/22/20":334,"3/23/20":377,"3/24/20":392,"3/25/20":419,"3/26/20":458,"3/27/20":466,"3/28/20":476,"3/29/20":499,"3/30/20":515,"3/31/20":567,"4/1/20":569,"4/2/20":643,"4/3/20":672,"4/4/20":688,"4/5/20":700,"4/6/20":756,"4/7/20":811,"4/8/20":823},"latest":823},{"country":"Argentina","country_code":"AR","province":"Santiago del Estero","coordinates":{"lat":"23.685","long":"90.3563"},"history":{"1/22/20":0,"1/23/20":0,"1/24/20":0,"1/25/20":0,"1/26/20":0,"1/27/20":0,"1/28/20":0,"1/29/20":0,"1/30/20":0,"1/31/20":0,"2/1/20":0,"2/2/20":0,"2/3/20":0,"2/4/20":0,"2/5/20":0,"2/6/20":0,"2/7/20":0,"2/8/20":0,"2/9/20":0,"2/10/20":0,"2/11/20":0,"2/12/20":0,"2/13/20":0,"2/14/20":0,"2/15/20":0,"2/16/20":0,"2/17/20":0,"2/18/20":0,"2/19/20":0,"2/20/20":0,"2/21/20":0,"2/22/20":0,"2/23/20":0,"2/24/20":0,"2/25/20":0,"2/26/20":0,"2/27/20":0,"2/28/20":0,"2/29/20":0,"3/1/20":0,"3/2/20":0,"3/3/20":0,"3/4/20":0,"3/5/20":0,"3/6/20":0,"3/7/20":0,"3/8/20":3,"3/9/20":3,"3/10/20":3,"3/11/20":3,"3/12/20":3,"3/13/20":3,"3/14/20":3,"3/15/20":5,"3/16/20":8,"3/17/20":10,"3/18/20":14,"3/19/20":17,"3/20/20":20,"3/21/20":25,"3/22/20":27,"3/23/20":33,"3/24/20":39,"3/25/20":39,"3/26/20":44,"3/27/20":48,"3/28/20":48,"3/29/20":48,"3/30/20":49,"3/31/20":51,"4/1/20":54,"4/2/20":56,"4/3/20":61,"4/4/20":70,"4/5/20":88,"4/6/20":123,"4/7/20":164,"4/8/20":218},"latest":218},{"country":"Argentina","country_code":"AR","province":"Tierra del Fuego","coordinates":{"lat":"13.1939","long":"+AC0-59.5432"},"history":{"1/22/20":0,"1/23/20":0,"1/24/20":0,"1/25/20":0,"1/26/20":0,"1/27/20":0,"1/28/20":0,"1/29/20":0,"1/30/20":0,"1/31/20":0,"2/1/20":0,"2/2/20":0,"2/3/20":0,"2/4/20":0,"2/5/20":0,"2/6/20":0,"2/7/20":0,"2/8/20":0,"2/9/20":0,"2/10/20":0,"2/11/20":0,"2/12/20":0,"2/13/20":0,"2/14/20":0,"2/15/20":0,"2/16/20":0,"2/17/20":0,"2/18/20":0,"2/19/20":0,"2/20/20":0,"2/21/20":0,"2/22/20":0,"2/23/20":0,"2/24/20":0,"2/25/20":0,"2/26/20":0,"2/27/20":0,"2/28/20":0,"2/29/20":0,"3/1/20":0,"3/2/20":0,"3/3/20":0,"3/4/20":0,"3/5/20":0,"3/6/20":0,"3/7/20":0,"3/8/20":0,"3/9/20":0,"3/10/20":0,"3/11/20":0,"3/12/20":0,"3/13/20":0,"3/14/20":0,"3/15/20":0,"3/16/20":0,"3/17/20":2,"3/18/20":2,"3/19/20":5,"3/20/20":5,"3/21/20":6,"3/22/20":14,"3/23/20":17,"3/24/20":18,"3/25/20":18,"3/26/20":18,"3/27/20":24,"3/28/20":26,"3/29/20":33,"3/30/20":33,"3/31/20":34,"4/1/20":34,"4/2/20":46,"4/3/20":51,"4/4/20":52,"4/5/20":56,"4/6/20":60,"4/7/20":63,"4/8/20":63},"latest":63},{"country":"Argentina","country_code":"AR","province":"Tucum+AOE-n","coordinates":{"lat":"53.7098","long":"27.9534"},"history":{"1/22/20":0,"1/23/20":0,"1/24/20":0,"1/25/20":0,"1/26/20":0,"1/27/20":0,"1/28/20":0,"1/29/20":0,"1/30/20":0,"1/31/20":0,"2/1/20":0,"2/2/20":0,"2/3/20":0,"2/4/20":0,"2/5/20":0,"2/6/20":0,"2/7/20":0,"2/8/20":0,"2/9/20":0,"2/10/20":0,"2/11/20":0,"2/12/20":0,"2/13/20":0,"2/14/20":0,"2/15/20":0,"2/16/20":0,"2/17/20":0,"2/18/20":0,"2/19/20":0,"2/20/20":0,"2/21/20":0,"2/22/20":0,"2/23/20":0,"2/24/20":0,"2/25/20":0,"2/26/20":0,"2/27/20":0,"2/28/20":1,"2/29/20":1,"3/1/20":1,"3/2/20":1,"3/3/20":1,"3/4/20":6,"3/5/20":6,"3/6/20":6,"3/7/20":6,"3/8/20":6,"3/9/20":6,"3/10/20":9,"3/11/20":9,"3/12/20":12,"3/13/20":27,"3/14/20":27,"3/15/20":27,"3/16/20":36,"3/17/20":36,"3/18/20":51,"3/19/20":51,"3/20/20":69,"3/21/20":76,"3/22/20":76,"3/23/20":81,"3/24/20":81,"3/25/20":86,"3/26/20":86,"3/27/20":94,"3/28/20":94,"3/29/20":94,"3/30/20":152,"3/31/20":152,"4/1/20":163,"4/2/20":304,"4/3/20":351,"4/4/20":440,"4/5/20":562,"4/6/20":700,"4/7/20":861,"4/8/20":1066},"latest":1066},{"country":"Argentina","country_code":"AR","province":"Ciudad Autonoma de Buenos Aires","coordinates":{"lat":"50.8333","long":"4"},"history":{"1/22/20":0,"1/23/20":0,"1/24/20":0,"1/25/20":0,"1/26/20":0,"1/27/20":0,"1/28/20":0,"1/29/20":0,"1/30/20":0,"1/31/20":0,"2/1/20":0,"2/2/20":0,"2/3/20":0,"2/4/20":1,"2/5/20":1,"2/6/20":1,"2/7/20":1,"2/8/20":1,"2/9/20":1,"2/10/20":1,"2/11/20":1,"2/12/20":1,"2/13/20":1,"2/14/20":1,"2/15/20":1,"2/16/20":1,"2/17/20":1,"2/18/20":1,"2/19/20":1,"2/20/20":1,"2/21/20":1,"2/22/20":1,"2/23/20":1,"2/24/20":1,"2/25/20":1,"2/26/20":1,"2/27/20":1,"2/28/20":1,"2/29/20":1,"3/1/20":2,"3/2/20":8,"3/3/20":13,"3/4/20":23,"3/5/20":50,"3/6/20":109,"3/7/20":169,"3/8/20":200,"3/9/20":239,"3/10/20":267,"3/11/20":314,"3/12/20":314,"3/13/20":559,"3/14/20":689,"3/15/20":886,"3/16/20":1058,"3/17/20":1243,"3/18/20":1486,"3/19/20":1795,"3/20/20":2257,"3/21/20":2815,"3/22/20":3401,"3/23/20":3743,"3/24/20":4269,"3/25/20":4937,"3/26/20":6235,"3/27/20":7284,"3/28/20":9134,"3/29/20":10836,"3/30/20":11899,"3/31/20":12775,"4/1/20":13964,"4/2/20":15348,"4/3/20":16770,"4/4/20":18431,"4/5/20":19691,"4/6/20":20814,"4/7/20":22194,"4/8/20":23403},"latest":23403}],"latest":51001,"last_updated":"2020-03-17T10:23:22.505550Z","source":"https://github.com/facttic/apibueno"}