{"locations":[{"country":"Argentina","country_code":"AR","province":"Provincia de Buenos Aires","coordinates":{"lat":"33","long":"65"},"history":{"1/22/20":0,"1/23/20":0,"1/24/20":0,"1/25/20":0,"1/26/20":0,"1/27/20":0,"1/28/20":0,"1/29/20":0,"1/30/20":0,"1/31/20":0,"2/1/20":0,"2/2/20":0,"2/3/20":0,"2/4/20":0,"2/5/20":0,"2/6/20":0,"2/7/20":0,"2/8/20":0,"2/9/20":0,"2/10/20":0,"2/11/20":0,"2/12/20":0,"2/13/20":0,"2/14/20":0,"2/15/20":0,"2/16/20":0,"2/17/20":0,"2/18/20":0,"2/19/20":0,"2/20/20":0,"2/21/20":0,"2/22/20":0,"2/23/20":0,"2/24/20":0,"2/25/20":0,"2/26/20":0,"2/27/20":0,"2/28/20":0,"2/29/20":0,"3/1/20":0,"3/2/20":0,"3/3/20":0,"3/4/20":0,"3/5/20":0,"3/6/20":0,"3/7/20":0,"3/8/20":0,"3/9/20":0,"3/10/20":0,"3/11/20":0,"3/12/20":0,"3/13/20":0,"3/14/20":0,"3/15/20":0,"3/16/20":0,"3/17/20":0,"3/18/20":0,"3/19/20":0,"3/20/20":0,"3/21/20":0,"3/22/20":1,"3/23/20":1,"3/24/20":1,"3/25/20":2,"3/26/20":4,"3/27/20":4,"3/28/20":4,"3/29/20":4,"3/30/20":4,"3/31/20":4,"4/1/20":4,"4/2/20":6,"4/3/20":6,"4/4/20":7,"4/5/20":7,"4/6/20":11,"4/7/20":14,"4/8/20":14},"latest":14},{"country":"Argentina","country_code":"AR","province":"Catamarca","coordinates":{"lat":"41.1533","long":"20.1683"},"history":{"1/22/20":0,"1/23/20":0,"1/24/20":0,"1/25/20":0,"1/26/20":0,"1/27/20":0,"1/28/20":0,"1/29/20":0,"1/30/20":0,"1/31/20":0,"2/1/20":0,"2/2/20":0,"2/3/20":0,"2/4/20":0,"2/5/20":0,"2/6/20":0,"2/7/20":0,"2/8/20":0,"2/9/20":0,"2/10/20":0,"2/11/20":0,"2/12/20":0,"2/13/20":0,"2/14/20":0,"2/15/20":0,"2/16/20":0,"2/17/20":0,"2/18/20":0,"2/19/20":0,"2/20/20":0,"2/21/20":0,"2/22/20":0,"2/23/20":0,"2/24/20":0,"2/25/20":0,"2/26/20":0,"2/27/20":0,"2/28/20":0,"2/29/20":0,"3/1/20":0,"3/2/20":0,"3/3/20":0,"3/4/20":0,"3/5/20":0,"3/6/20":0,"3/7/20":0,"3/8/20":0,"3/9/20":0,"3/10/20":0,"3/11/20":1,"3/12/20":1,"3/13/20":1,"3/14/20":1,"3/15/20":1,"3/16/20":1,"3/17/20":1,"3/18/20":2,"3/19/20":2,"3/20/20":2,"3/21/20":2,"3/22/20":2,"3/23/20":4,"3/24/20":5,"3/25/20":5,"3/26/20":6,"3/27/20":8,"3/28/20":10,"3/29/20":10,"3/30/20":11,"3/31/20":15,"4/1/20":15,"4/2/20":16,"4/3/20":17,"4/4/20":20,"4/5/20":20,"4/6/20":21,"4/7/20":22,"4/8/20":22},"latest":22},{"country":"Argentina","country_code":"AR","province":"Chaco","coordinates":{"lat":"28.0339","long":"1.6596"},"history":{"1/22/20":0,"1/23/20":0,"1/24/20":0,"1/25/20":0,"1/26/20":0,"1/27/20":0,"1/28/20":0,"1/29/20":0,"1/30/20":0,"1/31/20":0,"2/1/20":0,"2/2/20":0,"2/3/20":0,"2/4/20":0,"2/5/20":0,"2/6/20":0,"2/7/20":0,"2/8/20":0,"2/9/20":0,"2/10/20":0,"2/11/20":0,"2/12/20":0,"2/13/20":0,"2/14/20":0,"2/15/20":0,"2/16/20":0,"2/17/20":0,"2/18/20":0,"2/19/20":0,"2/20/20":0,"2/21/20":0,"2/22/20":0,"2/23/20":0,"2/24/20":0,"2/25/20":0,"2/26/20":0,"2/27/20":0,"2/28/20":0,"2/29/20":0,"3/1/20":0,"3/2/20":0,"3/3/20":0,"3/4/20":0,"3/5/20":0,"3/6/20":0,"3/7/20":0,"3/8/20":0,"3/9/20":0,"3/10/20":0,"3/11/20":0,"3/12/20":1,"3/13/20":2,"3/14/20":3,"3/15/20":4,"3/16/20":4,"3/17/20":4,"3/18/20":7,"3/19/20":9,"3/20/20":11,"3/21/20":15,"3/22/20":17,"3/23/20":17,"3/24/20":19,"3/25/20":21,"3/26/20":25,"3/27/20":26,"3/28/20":29,"3/29/20":31,"3/30/20":35,"3/31/20":44,"4/1/20":58,"4/2/20":86,"4/3/20":105,"4/4/20":130,"4/5/20":152,"4/6/20":173,"4/7/20":193,"4/8/20":205},"latest":205},{"country":"Argentina","country_code":"AR","province":"Chubut","coordinates":{"lat":"42.5063","long":"1.5218"},"history":{"1/22/20":0,"1/23/20":0,"1/24/20":0,"1/25/20":0,"1/26/20":0,"1/27/20":0,"1/28/20":0,"1/29/20":0,"1/30/20":0,"1/31/20":0,"2/1/20":0,"2/2/20":0,"2/3/20":0,"2/4/20":0,"2/5/20":0,"2/6/20":0,"2/7/20":0,"2/8/20":0,"2/9/20":0,"2/10/20":0,"2/11/20":0,"2/12/20":0,"2/13/20":0,"2/14/20":0,"2/15/20":0,"2/16/20":0,"2/17/20":0,"2/18/20":0,"2/19/20":0,"2/20/20":0,"2/21/20":0,"2/22/20":0,"2/23/20":0,"2/24/20":0,"2/25/20":0,"2/26/20":0,"2/27/20":0,"2/28/20":0,"2/29/20":0,"3/1/20":0,"3/2/20":0,"3/3/20":0,"3/4/20":0,"3/5/20":0,"3/6/20":0,"3/7/20":0,"3/8/20":0,"3/9/20":0,"3/10/20":0,"3/11/20":0,"3/12/20":0,"3/13/20":0,"3/14/20":0,"3/15/20":0,"3/16/20":0,"3/17/20":0,"3/18/20":0,"3/19/20":0,"3/20/20":0,"3/21/20":0,"3/22/20":1,"3/23/20":1,"3/24/20":1,"3/25/20":1,"3/26/20":3,"3/27/20":3,"3/28/20":3,"3/29/20":6,"3/30/20":8,"3/31/20":12,"4/1/20":14,"4/2/20":15,"4/3/20":16,"4/4/20":17,"4/5/20":18,"4/6/20":21,"4/7/20":22,"4/8/20":23},"latest":23},{"country":"Argentina","country_code":"AR","province":"C+APM-rdoba","coordinates":{"lat":"+AC0-11.2027","long":"17.8739"},"history":{"1/22/20":0,"1/23/20":0,"1/24/20":0,"1/25/20":0,"1/26/20":0,"1/27/20":0,"1/28/20":0,"1/29/20":0,"1/30/20":0,"1/31/20":0,"2/1/20":0,"2/2/20":0,"2/3/20":0,"2/4/20":0,"2/5/20":0,"2/6/20":0,"2/7/20":0,"2/8/20":0,"2/9/20":0,"2/10/20":0,"2/11/20":0,"2/12/20":0,"2/13/20":0,"2/14/20":0,"2/15/20":0,"2/16/20":0,"2/17/20":0,"2/18/20":0,"2/19/20":0,"2/20/20":0,"2/21/20":0,"2/22/20":0,"2/23/20":0,"2/24/20":0,"2/25/20":0,"2/26/20":0,"2/27/20":0,"2/28/20":0,"2/29/20":0,"3/1/20":0,"3/2/20":0,"3/3/20":0,"3/4/20":0,"3/5/20":0,"3/6/20":0,"3/7/20":0,"3/8/20":0,"3/9/20":0,"3/10/20":0,"3/11/20":0,"3/12/20":0,"3/13/20":0,"3/14/20":0,"3/15/20":0,"3/16/20":0,"3/17/20":0,"3/18/20":0,"3/19/20":0,"3/20/20":0,"3/21/20":0,"3/22/20":0,"3/23/20":0,"3/24/20":0,"3/25/20":0,"3/26/20":0,"3/27/20":0,"3/28/20":0,"3/29/20":2,"3/30/20":2,"3/31/20":2,"4/1/20":2,"4/2/20":2,"4/3/20":2,"4/4/20":2,"4/5/20":2,"4/6/20":2,"4/7/20":2,"4/8/20":2},"latest":2},{"country":"Argentina","country_code":"AR","province":"Corrientes","coordinates":{"lat":"17.0608","long":"+AC0-61.7964"},"history":{"1/22/20":0,"1/23/20":0,"1/24/20":0,"1/25/20":0,"1/26/20":0,"1/27/20":0,"1/28/20":0,"1/29/20":0,"1/30/20":0,"1/31/20":0,"2/1/20":0,"2/2/20":0,"2/3/20":0,"2/4/20":0,"2/5/20":0,"2/6/20":0,"2/7/20":0,"2/8/20":0,"2/9/20":0,"2/10/20":0,"2/11/20":0,"2/12/20":0,"2/13/20":0,"2/14/20":0,"2/15/20":0,"2/16/20":0,"2/17/20":0,"2/18/20":0,"2/19/20":0,"2/20/20":0,"2/21/20":0,"2/22/20":0,"2/23/20":0,"2/24/20":0,"2/25/20":0,"2/26/20":0,"2/27/20":0,"2/28/20":0,"2/29/20":0,"3/1/20":0,"3/2/20":0,"3/3/20":0,"3/4/20":0,"3/5/20":0,"3/6/20":0,"3/7/20":0,"3/8/20":0,"3/9/20":0,"3/10/20":0,"3/11/20":0,"3/12/20":0,"3/13/20":0,"3/14/20":0,"3/15/20":0,"3/16/20":0,"3/17/20":0,"3/18/20":0,"3/19/20":0,"3/20/20":0,"3/21/20":0,"3/22/20":0,"3/23/20":0,"3/24/20":0,"3/25/20":0,"3/26/20":0,"3/27/20":0,"3/28/20":0,"3/29/20":0,"3/30/20":0,"3/31/20":0,"4/1/20":0,"4/2/20":0,"4/3/20":0,"4/4/20":0,"4/5/20":0,"4/6/20":0,"4/7/20":1,"4/8/20":2},"latest":2},{"country":"Argentina","country_code":"AR","province":"Entre R+AO0-os","coordinates":{"lat":"+AC0-38.4161","long":"+AC0-63.6167"},"history":{"1/22/20":0,"1/23/20":0,"1/24/20":0,"1/25/20":0,"1/26/20":0,"1/27/20":0,"1/28/20":0,"1/29/20":0,"1/30/20":0,"1/31/20":0,"2/1/20":0,"2/2/20":0,"2/3/20":0,"2/4/20":0,"2/5/20":0,"2/6/20":0,"2/7/20":0,"2/8/20":0,"2/9/20":0,"2/10/20":0,"2/11/20":0,"2/12/20":0,"2/13/20":0,"2/14/20":0,"2/15/20":0,"2/16/20":0,"2/17/20":0,"2/18/20":0,"2/19/20":0,"2/20/20":0,"2/21/20":0,"2/22/20":0,"2/23/20":0,"2/24/20":0,"2/25/20":0,"2/26/20":0,"2/27/20":0,"2/28/20":0,"2/29/20":0,"3/1/20":0,"3/2/20":0,"3/3/20":0,"3/4/20":0,"3/5/20":0,"3/6/20":0,"3/7/20":0,"3/8/20":1,"3/9/20":1,"3/10/20":1,"3/11/20":1,"3/12/20":1,"3/13/20":2,"3/14/20":2,"3/15/20":2,"3/16/20":2,"3/17/20":2,"3/18/20":2,"3/19/20":3,"3/20/20":3,"3/21/20":4,"3/22/20":4,"3/23/20":4,"3/24/20":6,"3/25/20":8,"3/26/20":9,"3/27/20":13,"3/28/20":18,"3/29/20":19,"3/30/20":23,"3/31/20":27,"4/1/20":28,"4/2/20":36,"4/3/20":39,"4/4/20":43,"4/5/20":44,"4/6/20":48,"4/7/20":56,"4/8/20":63},"latest":63},{"country":"Argentina","country_code":"AR","province":"Formosa","coordinates":{"lat":"40.0691","long":"45.0382"},"history":{"1/22/20":0,"1/23/20":0,"1/24/20":0,"1/25/20":0,"1/26/20":0,"1/27/20":0,"1/28/20":0,"1/29/20":0,"1/30/20":0,"1/31/20":0,"2/1/20":0,"2/2/20":0,"2/3/20":0,"2/4/20":0,"2/5/20":0,"2/6/20":0,"2/7/20":0,"2/8/20":0,"2/9/20":0,"2/10/20":0,"2/11/20":0,"2/12/20":0,"2/13/20":0,"2/14/20":0,"2/15/20":0,"2/16/20":0,"2/17/20":0,"2/18/20":0,"2/19/20":0,"2/20/20":0,"2/21/20":0,"2/22/20":0,"2/23/20":0,"2/24/20":0,"2/25/20":0,"2/26/20":0,"2/27/20":0,"2/28/20":0,"2/29/20":0,"3/1/20":0,"3/2/20":0,"3/3/20":0,"3/4/20":0,"3/5/20":0,"3/6/20":0,"3/7/20":0,"3/8/20":0,"3/9/20":0,"3/10/20":0,"3/11/20":0,"3/12/20":0,"3/13/20":0,"3/14/20":0,"3/15/20":0,"3/16/20":0,"3/17/20":0,"3/18/20":0,"3/19/20":0,"3/20/20":0,"3/21/20":0,"3/22/20":0,"3/23/20":0,"3/24/20":0,"3/25/20":0,"3/26/20":1,"3/27/20":1,"3/28/20":1,"3/29/20":3,"3/30/20":3,"3/31/20":3,"4/1/20":4,"4/2/20":7,"4/3/20":7,"4/4/20":7,"4/5/20":7,"4/6/20":8,"4/7/20":8,"4/8/20":9},"latest":9},{"country":"Argentina","country_code":"AR","province":"Jujuy","coordinates":{"lat":"+AC0-35.4735","long":"149.0124"},"history":{"1/22/20":0,"1/23/20":0,"1/24/20":0,"1/25/20":0,"1/26/20":0,"1/27/20":0,"1/28/20":0,"1/29/20":0,"1/30/20":0,"1/31/20":0,"2/1/20":0,"2/2/20":0,"2/3/20":0,"2/4/20":0,"2/5/20":0,"2/6/20":0,"2/7/20":0,"2/8/20":0,"2/9/20":0,"2/10/20":0,"2/11/20":0,"2/12/20":0,"2/13/20":0,"2/14/20":0,"2/15/20":0,"2/16/20":0,"2/17/20":0,"2/18/20":0,"2/19/20":0,"2/20/20":0,"2/21/20":0,"2/22/20":0,"2/23/20":0,"2/24/20":0,"2/25/20":0,"2/26/20":0,"2/27/20":0,"2/28/20":0,"2/29/20":0,"3/1/20":0,"3/2/20":0,"3/3/20":0,"3/4/20":0,"3/5/20":0,"3/6/20":0,"3/7/20":0,"3/8/20":0,"3/9/20":0,"3/10/20":0,"3/11/20":0,"3/12/20":0,"3/13/20":0,"3/14/20":0,"3/15/20":0,"3/16/20":0,"3/17/20":0,"3/18/20":0,"3/19/20":0,"3/20/20":0,"3/21/20":0,"3/22/20":0,"3/23/20":0,"3/24/20":0,"3/25/20":0,"3/26/20":0,"3/27/20":0,"3/28/20":0,"3/29/20":0,"3/30/20":1,"3/31/20":1,"4/1/20":1,"4/2/20":1,"4/3/20":1,"4/4/20":2,"4/5/20":2,"4/6/20":2,"4/7/20":2,"4/8/20":2},"latest":2},{"country":"Argentina","country_code":"AR","province":"La Pampa","coordinates":{"lat":"+AC0-33.8688","long":"151.2093"},"history":{"1/22/20":0,"1/23/20":0,"1/24/20":0,"1/25/20":0,"1/26/20":0,"1/27/20":0,"1/28/20":0,"1/29/20":0,"1/30/20":0,"1/31/20":0,"2/1/20":0,"2/2/20":0,"2/3/20":0,"2/4/20":0,"2/5/20":0,"2/6/20":0,"2/7/20":0,"2/8/20":0,"2/9/20":0,"2/10/20":0,"2/11/20":0,"2/12/20":0,"2/13/20":0,"2/14/20":0,"2/15/20":0,"2/16/20":0,"2/17/20":0,"2/18/20":0,"2/19/20":0,"2/20/20":0,"2/21/20":0,"2/22/20":0,"2/23/20":0,"2/24/20":0,"2/25/20":0,"2/26/20":0,"2/27/20":0,"2/28/20":0,"2/29/20":0,"3/1/20":0,"3/2/20":0,"3/3/20":0,"3/4/20":1,"3/5/20":1,"3/6/20":1,"3/7/20":1,"3/8/20":2,"3/9/20":2,"3/10/20":2,"3/11/20":2,"3/12/20":2,"3/13/20":2,"3/14/20":2,"3/15/20":2,"3/16/20":2,"3/17/20":4,"3/18/20":5,"3/19/20":5,"3/20/20":6,"3/21/20":6,"3/22/20":6,"3/23/20":6,"3/24/20":7,"3/25/20":7,"3/26/20":7,"3/27/20":7,"3/28/20":8,"3/29/20":8,"3/30/20":8,"3/31/20":8,"4/1/20":9,"4/2/20":10,"4/3/20":12,"4/4/20":12,"4/5/20":16,"4/6/20":18,"4/7/20":21,"4/8/20":21},"latest":21},{"country":"Argentina","country_code":"AR","province":"La Rioja","coordinates":{"lat":"+AC0-12.4634","long":"130.8456"},"history":{"1/22/20":0,"1/23/20":0,"1/24/20":0,"1/25/20":0,"1/26/20":0,"1/27/20":0,"1/28/20":0,"1/29/20":0,"1/30/20":0,"1/31/20":0,"2/1/20":0,"2/2/20":0,"2/3/20":0,"2/4/20":0,"2/5/20":0,"2/6/20":0,"2/7/20":0,"2/8/20":0,"2/9/20":0,"2/10/20":0,"2/11/20":0,"2/12/20":0,"2/13/20":0,"2/14/20":0,"2/15/20":0,"2/16/20":0,"2/17/20":0,"2/18/20":0,"2/19/20":0,"2/20/20":0,"2/21/20":0,"2/22/20":0,"2/23/20":0,"2/24/20":0,"2/25/20":0,"2/26/20":0,"2/27/20":0,"2/28/20":0,"2/29/20":0,"3/1/20":0,"3/2/20":0,"3/3/20":0,"3/4/20":0,"3/5/20":0,"3/6/20":0,"3/7/20":0,"3/8/20":0,"3/9/20":0,"3/10/20":0,"3/11/20":0,"3/12/20":0,"3/13/20":0,"3/14/20":0,"3/15/20":0,"3/16/20":0,"3/17/20":0,"3/18/20":0,"3/19/20":0,"3/20/20":0,"3/21/20":0,"3/22/20":0,"3/23/20":0,"3/24/20":0,"3/25/20":0,"3/26/20":0,"3/27/20":0,"3/28/20":0,"3/29/20":0,"3/30/20":0,"3/31/20":0,"4/1/20":0,"4/2/20":0,"4/3/20":0,"4/4/20":0,"4/5/20":0,"4/6/20":0,"4/7/20":0,"4/8/20":0},"latest":0},{"country":"Argentina","country_code":"AR","province":"Mendoza","coordinates":{"lat":"+AC0-28.0167","long":"153.4"},"history":{"1/22/20":0,"1/23/20":0,"1/24/20":0,"1/25/20":0,"1/26/20":0,"1/27/20":0,"1/28/20":0,"1/29/20":0,"1/30/20":0,"1/31/20":0,"2/1/20":0,"2/2/20":0,"2/3/20":0,"2/4/20":0,"2/5/20":0,"2/6/20":0,"2/7/20":0,"2/8/20":0,"2/9/20":0,"2/10/20":0,"2/11/20":0,"2/12/20":0,"2/13/20":0,"2/14/20":0,"2/15/20":0,"2/16/20":0,"2/17/20":0,"2/18/20":0,"2/19/20":0,"2/20/20":0,"2/21/20":0,"2/22/20":0,"2/23/20":0,"2/24/20":0,"2/25/20":0,"2/26/20":0,"2/27/20":0,"2/28/20":0,"2/29/20":0,"3/1/20":0,"3/2/20":0,"3/3/20":0,"3/4/20":0,"3/5/20":0,"3/6/20":0,"3/7/20":0,"3/8/20":0,"3/9/20":0,"3/10/20":0,"3/11/20":0,"3/12/20":0,"3/13/20":0,"3/14/20":0,"3/15/20":0,"3/16/20":0,"3/17/20":0,"3/18/20":0,"3/19/20":0,"3/20/20":0,"3/21/20":0,"3/22/20":0,"3/23/20":0,"3/24/20":0,"3/25/20":0,"3/26/20":1,"3/27/20":1,"3/28/20":1,"3/29/20":2,"3/30/20":2,"3/31/20":2,"4/1/20":2,"4/2/20":4,"4/3/20":4,"4/4/20":4,"4/5/20":4,"4/6/20":4,"4/7/20":4,"4/8/20":4},"latest":4},{"country":"Argentina","country_code":"AR","province":"Misiones","coordinates":{"lat":"+AC0-34.9285","long":"138.6007"},"history":{"1/22/20":0,"1/23/20":0,"1/24/20":0,"1/25/20":0,"1/26/20":0,"1/27/20":0,"1/28/20":0,"1/29/20":0,"1/30/20":0,"1/31/20":0,"2/1/20":0,"2/2/20":0,"2/3/20":0,"2/4/20":0,"2/5/20":0,"2/6/20":0,"2/7/20":0,"2/8/20":0,"2/9/20":0,"2/10/20":0,"2/11/20":0,"2/12/20":0,"2/13/20":0,"2/14/20":0,"2/15/20":0,"2/16/20":0,"2/17/20":0,"2/18/20":0,"2/19/20":0,"2/20/20":0,"2/21/20":0,"2/22/20":0,"2/23/20":0,"2/24/20":0,"2/25/20":0,"2/26/20":0,"2/27/20":0,"2/28/20":0,"2/29/20":0,"3/1/20":0,"3/2/20":0,"3/3/20":0,"3/4/20":0,"3/5/20":0,"3/6/20":0,"3/7/20":0,"3/8/20":0,"3/9/20":0,"3/10/20":0,"3/11/20":0,"3/12/20":0,"3/13/20":0,"3/14/20":0,"3/15/20":0,"3/16/20":0,"3/17/20":0,"3/18/20":0,"3/19/20":0,"3/20/20":0,"3/21/20":0,"3/22/20":0,"3/23/20":0,"3/24/20":0,"3/25/20":0,"3/26/20":0,"3/27/20":0,"3/28/20":0,"3/29/20":0,"3/30/20":0,"3/31/20":0,"4/1/20":0,"4/2/20":0,"4/3/20":0,"4/4/20":0,"4/5/20":0,"4/6/20":0,"4/7/20":1,"4/8/20":2},"latest":2},{"country":"Argentina","country_code":"AR","province":"Neuqu+AOk-n","coordinates":{"lat":"+AC0-41.4545","long":"145.9707"},"history":{"1/22/20":0,"1/23/20":0,"1/24/20":0,"1/25/20":0,"1/26/20":0,"1/27/20":0,"1/28/20":0,"1/29/20":0,"1/30/20":0,"1/31/20":0,"2/1/20":0,"2/2/20":0,"2/3/20":0,"2/4/20":0,"2/5/20":0,"2/6/20":0,"2/7/20":0,"2/8/20":0,"2/9/20":0,"2/10/20":0,"2/11/20":0,"2/12/20":0,"2/13/20":0,"2/14/20":0,"2/15/20":0,"2/16/20":0,"2/17/20":0,"2/18/20":0,"2/19/20":0,"2/20/20":0,"2/21/20":0,"2/22/20":0,"2/23/20":0,"2/24/20":0,"2/25/20":0,"2/26/20":0,"2/27/20":0,"2/28/20":0,"2/29/20":0,"3/1/20":0,"3/2/20":0,"3/3/20":0,"3/4/20":0,"3/5/20":0,"3/6/20":0,"3/7/20":0,"3/8/20":0,"3/9/20":0,"3/10/20":0,"3/11/20":0,"3/12/20":0,"3/13/20":0,"3/14/20":0,"3/15/20":0,"3/16/20":0,"3/17/20":0,"3/18/20":0,"3/19/20":0,"3/20/20":0,"3/21/20":0,"3/22/20":0,"3/23/20":0,"3/24/20":0,"3/25/20":0,"3/26/20":0,"3/27/20":0,"3/28/20":0,"3/29/20":0,"3/30/20":0,"3/31/20":1,"4/1/20":2,"4/2/20":2,"4/3/20":2,"4/4/20":2,"4/5/20":2,"4/6/20":2,"4/7/20":2,"4/8/20":3},"latest":3},{"country":"Argentina","country_code":"AR","province":"R+AO0-o Negro","coordinates":{"lat":"+AC0-37.8136","long":"144.9631"},"history":{"1/22/20":0,"1/23/20":0,"1/24/20":0,"1/25/20":0,"1/26/20":0,"1/27/20":0,"1/28/20":0,"1/29/20":0,"1/30/20":0,"1/31/20":0,"2/1/20":0,"2/2/20":0,"2/3/20":0,"2/4/20":0,"2/5/20":0,"2/6/20":0,"2/7/20":0,"2/8/20":0,"2/9/20":0,"2/10/20":0,"2/11/20":0,"2/12/20":0,"2/13/20":0,"2/14/20":0,"2/15/20":0,"2/16/20":0,"2/17/20":0,"2/18/20":0,"2/19/20":0,"2/20/20":0,"2/21/20":0,"2/22/20":0,"2/23/20":0,"2/24/20":0,"2/25/20":0,"2/26/20":0,"2/27/20":0,"2/28/20":0,"2/29/20":0,"3/1/20":0,"3/2/20":0,"3/3/20":0,"3/4/20":0,"3/5/20":0,"3/6/20":0,"3/7/20":0,"3/8/20":0,"3/9/20":0,"3/10/20":0,"3/11/20":0,"3/12/20":0,"3/13/20":0,"3/14/20":0,"3/15/20":0,"3/16/20":0,"3/17/20":0,"3/18/20":0,"3/19/20":0,"3/20/20":0,"3/21/20":0,"3/22/20":0,"3/23/20":0,"3/24/20":0,"3/25/20":0,"3/26/20":3,"3/27/20":3,"3/28/20":3,"3/29/20":4,"3/30/20":4,"3/31/20":4,"4/1/20":4,"4/2/20":5,"4/3/20":7,"4/4/20":8,"4/5/20":8,"4/6/20":10,"4/7/20":11,"4/8/20":12},"latest":12},{"country":"Argentina","country_code":"AR","province":"Salta","coordinates":{"lat":"+AC0-31.9505","long":"115.8605"},"history":{"1/22/20":0,"1/23/20":0,"1/24/20":0,"1/25/20":0,"1/26/20":0,"1/27/20":0,"1/28/20":0,"1/29/20":0,"1/30/20":0,"1/31/20":0,"2/1/20":0,"2/2/20":0,"2/3/20":0,"2/4/20":0,"2/5/20":0,"2/6/20":0,"2/7/20":0,"2/8/20":0,"2/9/20":0,"2/10/20":0,"2/11/20":0,"2/12/20":0,"2/13/20":0,"2/14/20":0,"2/15/20":0,"2/16/20":0,"2/17/20":0,"2/18/20":0,"2/19/20":0,"2/20/20":0,"2/21/20":0,"2/22/20":0,"2/23/20":0,"2/24/20":0,"2/25/20":0,"2/26/20":0,"2/27/20":0,"2/28/20":0,"2/29/20":0,"3/1/20":1,"3/2/20":1,"3/3/20":1,"3/4/20":1,"3/5/20":1,"3/6/20":1,"3/7/20":1,"3/8/20":1,"3/9/20":1,"3/10/20":1,"3/11/20":1,"3/12/20":1,"3/13/20":1,"3/14/20":1,"3/15/20":1,"3/16/20":1,"3/17/20":1,"3/18/20":1,"3/19/20":1,"3/20/20":1,"3/21/20":1,"3/22/20":1,"3/23/20":1,"3/24/20":1,"3/25/20":1,"3/26/20":2,"3/27/20":2,"3/28/20":2,"3/29/20":2,"3/30/20":2,"3/31/20":2,"4/1/20":2,"4/2/20":2,"4/3/20":2,"4/4/20":2,"4/5/20":3,"4/6/20":4,"4/7/20":4,"4/8/20":6},"latest":6},{"country":"Argentina","country_code":"AR","province":"San Juan","coordinates":{"lat":"47.5162","long":"14.5501"},"history":{"1/22/20":0,"1/23/20":0,"1/24/20":0,"1/25/20":0,"1/26/20":0,"1/27/20":0,"1/28/20":0,"1/29/20":0,"1/30/20":0,"1/31/20":0,"2/1/20":0,"2/2/20":0,"2/3/20":0,"2/4/20":0,"2/5/20":0,"2/6/20":0,"2/7/20":0,"2/8/20":0,"2/9/20":0,"2/10/20":0,"2/11/20":0,"2/12/20":0,"2/13/20":0,"2/14/20":0,"2/15/20":0,"2/16/20":0,"2/17/20":0,"2/18/20":0,"2/19/20":0,"2/20/20":0,"2/21/20":0,"2/22/20":0,"2/23/20":0,"2/24/20":0,"2/25/20":0,"2/26/20":0,"2/27/20":0,"2/28/20":0,"2/29/20":0,"3/1/20":0,"3/2/20":0,"3/3/20":0,"3/4/20":0,"3/5/20":0,"3/6/20":0,"3/7/20":0,"3/8/20":0,"3/9/20":0,"3/10/20":0,"3/11/20":0,"3/12/20":1,"3/13/20":1,"3/14/20":1,"3/15/20":1,"3/16/20":3,"3/17/20":3,"3/18/20":4,"3/19/20":6,"3/20/20":6,"3/21/20":8,"3/22/20":16,"3/23/20":21,"3/24/20":28,"3/25/20":30,"3/26/20":49,"3/27/20":58,"3/28/20":68,"3/29/20":86,"3/30/20":108,"3/31/20":128,"4/1/20":146,"4/2/20":158,"4/3/20":168,"4/4/20":186,"4/5/20":204,"4/6/20":220,"4/7/20":243,"4/8/20":273},"latest":273},{"country":"Argentina","country_code":"AR","province":"San Luis","coordinates":{"lat":"40.1431","long":"47.5769"},"history":{"1/22/20":0,"1/23/20":0,"1/24/20":0,"1/25/20":0,"1/26/20":0,"1/27/20":0,"1/28/20":0,"1/29/20":0,"1/30/20":0,"1/31/20":0,"2/1/20":0,"2/2/20":0,"2/3/20":0,"2/4/20":0,"2/5/20":0,"2/6/20":0,"2/7/20":0,"2/8/20":0,"2/9/20":0,"2/10/20":0,"2/11/20":0,"2/12/20":0,"2/13/20":0,"2/14/20":0,"2/15/20":0,"2/16/20":0,"2/17/20":0,"2/18/20":0,"2/19/20":0,"2/20/20":0,"2/21/20":0,"2/22/20":0,"2/23/20":0,"2/24/20":0,"2/25/20":0,"2/26/20":0,"2/27/20":0,"2/28/20":0,"2/29/20":0,"3/1/20":0,"3/2/20":0,"3/3/20":0,"3/4/20":0,"3/5/20":0,"3/6/20":0,"3/7/20":0,"3/8/20":0,"3/9/20":0,"3/10/20":0,"3/11/20":0,"3/12/20":0,"3/13/20":1,"3/14/20":1,"3/15/20":1,"3/16/20":1,"3/17/20":1,"3/18/20":1,"3/19/20":1,"3/20/20":1,"3/21/20":1,"3/22/20":1,"3/23/20":1,"3/24/20":1,"3/25/20":2,"3/26/20":3,"3/27/20":3,"3/28/20":4,"3/29/20":4,"3/30/20":4,"3/31/20":5,"4/1/20":5,"4/2/20":5,"4/3/20":5,"4/4/20":5,"4/5/20":7,"4/6/20":7,"4/7/20":8,"4/8/20":8},"latest":8},{"country":"Argentina","country_code":"AR","province":"Santa Cruz","coordinates":{"lat":"25.0343","long":"+AC0-77.3963"},"history":{"1/22/20":0,"1/23/20":0,"1/24/20":0,"1/25/20":0,"1/26/20":0,"1/27/20":0,"1/28/20":0,"1/29/20":0,"1/30/20":0,"1/31/20":0,"2/1/20":0,"2/2/20":0,"2/3/20":0,"2/4/20":0,"2/5/20":0,"2/6/20":0,"2/7/20":0,"2/8/20":0,"2/9/20":0,"2/10/20":0,"2/11/20":0,"2/12/20":0,"2/13/20":0,"2/14/20":0,"2/15/20":0,"2/16/20":0,"2/17/20":0,"2/18/20":0,"2/19/20":0,"2/20/20":0,"2/21/20":0,"2/22/20":0,"2/23/20":0,"2/24/20":0,"2/25/20":0,"2/26/20":0,"2/27/20":0,"2/28/20":0,"2/29/20":0,"3/1/20":0,"3/2/20":0,"3/3/20":0,"3/4/20":0,"3/5/20":0,"3/6/20":0,"3/7/20":0,"3/8/20":0,"3/9/20":0,"3/10/20":0,"3/11/20":0,"3/12/20":0,"3/13/20":0,"3/14/20":0,"3/15/20":0,"3/16/20":0,"3/17/20":0,"3/18/20":0,"3/19/20":0,"3/20/20":0,"3/21/20":0,"3/22/20":0,"3/23/20":0,"3/24/20":0,"3/25/20":0,"3/26/20":0,"3/27/20":0,"3/28/20":0,"3/29/20":0,"3/30/20":0,"3/31/20":0,"4/1/20":1,"4/2/20":1,"4/3/20":1,"4/4/20":4,"4/5/20":4,"4/6/20":5,"4/7/20":6,"4/8/20":7},"latest":7},{"country":"Argentina","country_code":"AR","province":"Santa Fe","coordinates":{"lat":"26.0275","long":"50.55"},"history":{"1/22/20":0,"1/23/20":0,"1/24/20":0,"1/25/20":0,"1/26/20":0,"1/27/20":0,"1/28/20":0,"1/29/20":0,"1/30/20":0,"1/31/20":0,"2/1/20":0,"2/2/20":0,"2/3/20":0,"2/4/20":0,"2/5/20":0,"2/6/20":0,"2/7/20":0,"2/8/20":0,"2/9/20":0,"2/10/20":0,"2/11/20":0,"2/12/20":0,"2/13/20":0,"2/14/20":0,"2/15/20":0,"2/16/20":0,"2/17/20":0,"2/18/20":0,"2/19/20":0,"2/20/20":0,"2/21/20":0,"2/22/20":0,"2/23/20":0,"2/24/20":0,"2/25/20":0,"2/26/20":0,"2/27/20":0,"2/28/20":0,"2/29/20":0,"3/1/20":0,"3/2/20":0,"3/3/20":0,"3/4/20":0,"3/5/20":0,"3/6/20":0,"3/7/20":0,"3/8/20":0,"3/9/20":0,"3/10/20":0,"3/11/20":0,"3/12/20":0,"3/13/20":0,"3/14/20":0,"3/15/20":0,"3/16/20":1,"3/17/20":1,"3/18/20":1,"3/19/20":1,"3/20/20":1,"3/21/20":1,"3/22/20":2,"3/23/20":2,"3/24/20":3,"3/25/20":4,"3/26/20":4,"3/27/20":4,"3/28/20":4,"3/29/20":4,"3/30/20":4,"3/31/20":4,"4/1/20":4,"4/2/20":4,"4/3/20":4,"4/4/20":4,"4/5/20":4,"4/6/20":4,"4/7/20":5,"4/8/20":5},"latest":5},{"country":"Argentina","country_code":"AR","province":"Santiago del Estero","coordinates":{"lat":"23.685","long":"90.3563"},"history":{"1/22/20":0,"1/23/20":0,"1/24/20":0,"1/25/20":0,"1/26/20":0,"1/27/20":0,"1/28/20":0,"1/29/20":0,"1/30/20":0,"1/31/20":0,"2/1/20":0,"2/2/20":0,"2/3/20":0,"2/4/20":0,"2/5/20":0,"2/6/20":0,"2/7/20":0,"2/8/20":0,"2/9/20":0,"2/10/20":0,"2/11/20":0,"2/12/20":0,"2/13/20":0,"2/14/20":0,"2/15/20":0,"2/16/20":0,"2/17/20":0,"2/18/20":0,"2/19/20":0,"2/20/20":0,"2/21/20":0,"2/22/20":0,"2/23/20":0,"2/24/20":0,"2/25/20":0,"2/26/20":0,"2/27/20":0,"2/28/20":0,"2/29/20":0,"3/1/20":0,"3/2/20":0,"3/3/20":0,"3/4/20":0,"3/5/20":0,"3/6/20":0,"3/7/20":0,"3/8/20":0,"3/9/20":0,"3/10/20":0,"3/11/20":0,"3/12/20":0,"3/13/20":0,"3/14/20":0,"3/15/20":0,"3/16/20":0,"3/17/20":0,"3/18/20":1,"3/19/20":1,"3/20/20":1,"3/21/20":2,"3/22/20":2,"3/23/20":3,"3/24/20":4,"3/25/20":5,"3/26/20":5,"3/27/20":5,"3/28/20":5,"3/29/20":5,"3/30/20":5,"3/31/20":5,"4/1/20":6,"4/2/20":6,"4/3/20":6,"4/4/20":8,"4/5/20":9,"4/6/20":12,"4/7/20":17,"4/8/20":20},"latest":20},{"country":"Argentina","country_code":"AR","province":"Tierra del Fuego","coordinates":{"lat":"13.1939","long":"+AC0-59.5432"},"history":{"1/22/20":0,"1/23/20":0,"1/24/20":0,"1/25/20":0,"1/26/20":0,"1/27/20":0,"1/28/20":0,"1/29/20":0,"1/30/20":0,"1/31/20":0,"2/1/20":0,"2/2/20":0,"2/3/20":0,"2/4/20":0,"2/5/20":0,"2/6/20":0,"2/7/20":0,"2/8/20":0,"2/9/20":0,"2/10/20":0,"2/11/20":0,"2/12/20":0,"2/13/20":0,"2/14/20":0,"2/15/20":0,"2/16/20":0,"2/17/20":0,"2/18/20":0,"2/19/20":0,"2/20/20":0,"2/21/20":0,"2/22/20":0,"2/23/20":0,"2/24/20":0,"2/25/20":0,"2/26/20":0,"2/27/20":0,"2/28/20":0,"2/29/20":0,"3/1/20":0,"3/2/20":0,"3/3/20":0,"3/4/20":0,"3/5/20":0,"3/6/20":0,"3/7/20":0,"3/8/20":0,"3/9/20":0,"3/10/20":0,"3/11/20":0,"3/12/20":0,"3/13/20":0,"3/14/20":0,"3/15/20":0,"3/16/20":0,"3/17/20":0,"3/18/20":0,"3/19/20":0,"3/20/20":0,"3/21/20":0,"3/22/20":0,"3/23/20":0,"3/24/20":0,"3/25/20":0,"3/26/20":0,"3/27/20":0,"3/28/20":0,"3/29/20":0,"3/30/20":0,"3/31/20":0,"4/1/20":0,"4/2/20":0,"4/3/20":0,"4/4/20":0,"4/5/20":1,"4/6/20":2,"4/7/20":3,"4/8/20":3},"latest":3},{"country":"Argentina","country_code":"AR","province":"Tucum+AOE-n","coordinates":{"lat":"53.7098","long":"27.9534"},"history":{"1/22/20":0,"1/23/20":0,"1/24/20":0,"1/25/20":0,"1/26/20":0,"1/27/20":0,"1/28/20":0,"1/29/20":0,"1/30/20":0,"1/31/20":0,"2/1/20":0,"2/2/20":0,"2/3/20":0,"2/4/20":0,"2/5/20":0,"2/6/20":0,"2/7/20":0,"2/8/20":0,"2/9/20":0,"2/10/20":0,"2/11/20":0,"2/12/20":0,"2/13/20":0,"2/14/20":0,"2/15/20":0,"2/16/20":0,"2/17/20":0,"2/18/20":0,"2/19/20":0,"2/20/20":0,"2/21/20":0,"2/22/20":0,"2/23/20":0,"2/24/20":0,"2/25/20":0,"2/26/20":0,"2/27/20":0,"2/28/20":0,"2/29/20":0,"3/1/20":0,"3/2/20":0,"3/3/20":0,"3/4/20":0,"3/5/20":0,"3/6/20":0,"3/7/20":0,"3/8/20":0,"3/9/20":0,"3/10/20":0,"3/11/20":0,"3/12/20":0,"3/13/20":0,"3/14/20":0,"3/15/20":0,"3/16/20":0,"3/17/20":0,"3/18/20":0,"3/19/20":0,"3/20/20":0,"3/21/20":0,"3/22/20":0,"3/23/20":0,"3/24/20":0,"3/25/20":0,"3/26/20":0,"3/27/20":0,"3/28/20":0,"3/29/20":0,"3/30/20":0,"3/31/20":1,"4/1/20":2,"4/2/20":4,"4/3/20":4,"4/4/20":5,"4/5/20":8,"4/6/20":13,"4/7/20":13,"4/8/20":13},"latest":13},{"country":"Argentina","country_code":"AR","province":"Ciudad Autonoma de Buenos Aires","coordinates":{"lat":"50.8333","long":"4"},"history":{"1/22/20":0,"1/23/20":0,"1/24/20":0,"1/25/20":0,"1/26/20":0,"1/27/20":0,"1/28/20":0,"1/29/20":0,"1/30/20":0,"1/31/20":0,"2/1/20":0,"2/2/20":0,"2/3/20":0,"2/4/20":0,"2/5/20":0,"2/6/20":0,"2/7/20":0,"2/8/20":0,"2/9/20":0,"2/10/20":0,"2/11/20":0,"2/12/20":0,"2/13/20":0,"2/14/20":0,"2/15/20":0,"2/16/20":0,"2/17/20":0,"2/18/20":0,"2/19/20":0,"2/20/20":0,"2/21/20":0,"2/22/20":0,"2/23/20":0,"2/24/20":0,"2/25/20":0,"2/26/20":0,"2/27/20":0,"2/28/20":0,"2/29/20":0,"3/1/20":0,"3/2/20":0,"3/3/20":0,"3/4/20":0,"3/5/20":0,"3/6/20":0,"3/7/20":0,"3/8/20":0,"3/9/20":0,"3/10/20":0,"3/11/20":3,"3/12/20":3,"3/13/20":3,"3/14/20":4,"3/15/20":4,"3/16/20":5,"3/17/20":10,"3/18/20":14,"3/19/20":21,"3/20/20":37,"3/21/20":67,"3/22/20":75,"3/23/20":88,"3/24/20":122,"3/25/20":178,"3/26/20":220,"3/27/20":289,"3/28/20":353,"3/29/20":431,"3/30/20":513,"3/31/20":705,"4/1/20":828,"4/2/20":1011,"4/3/20":1143,"4/4/20":1283,"4/5/20":1447,"4/6/20":1632,"4/7/20":2035,"4/8/20":2240},"latest":2240}],"latest":2959,"last_updated":"2020-03-17T10:23:22.505550Z","source":"https://github.com/facttic/apibueno"}