{"locations":[{"country":"Argentina","country_code":"AR","province":"Provincia de Buenos Aires","coordinates":{"lat":"33","long":"65"},"history":{"1/22/20":0,"1/23/20":0,"1/24/20":0,"1/25/20":0,"1/26/20":0,"1/27/20":0,"1/28/20":0,"1/29/20":0,"1/30/20":0,"1/31/20":0,"2/1/20":0,"2/2/20":0,"2/3/20":0,"2/4/20":0,"2/5/20":0,"2/6/20":0,"2/7/20":0,"2/8/20":0,"2/9/20":0,"2/10/20":0,"2/11/20":0,"2/12/20":0,"2/13/20":0,"2/14/20":0,"2/15/20":0,"2/16/20":0,"2/17/20":0,"2/18/20":0,"2/19/20":0,"2/20/20":0,"2/21/20":0,"2/22/20":0,"2/23/20":0,"2/24/20":0,"2/25/20":0,"2/26/20":0,"2/27/20":0,"2/28/20":0,"2/29/20":0,"3/1/20":0,"3/2/20":0,"3/3/20":0,"3/4/20":0,"3/5/20":0,"3/6/20":0,"3/7/20":0,"3/8/20":0,"3/9/20":0,"3/10/20":0,"3/11/20":0,"3/12/20":0,"3/13/20":0,"3/14/20":0,"3/15/20":0,"3/16/20":1,"3/17/20":1,"3/18/20":1,"3/19/20":1,"3/20/20":1,"3/21/20":1,"3/22/20":1,"3/23/20":1,"3/24/20":1,"3/25/20":2,"3/26/20":2,"3/27/20":2,"3/28/20":2,"3/29/20":2,"3/30/20":2,"3/31/20":5,"4/1/20":5,"4/2/20":10,"4/3/20":10,"4/4/20":10,"4/5/20":15,"4/6/20":18,"4/7/20":18,"4/8/20":29},"latest":29},{"country":"Argentina","country_code":"AR","province":"Catamarca","coordinates":{"lat":"41.1533","long":"20.1683"},"history":{"1/22/20":0,"1/23/20":0,"1/24/20":0,"1/25/20":0,"1/26/20":0,"1/27/20":0,"1/28/20":0,"1/29/20":0,"1/30/20":0,"1/31/20":0,"2/1/20":0,"2/2/20":0,"2/3/20":0,"2/4/20":0,"2/5/20":0,"2/6/20":0,"2/7/20":0,"2/8/20":0,"2/9/20":0,"2/10/20":0,"2/11/20":0,"2/12/20":0,"2/13/20":0,"2/14/20":0,"2/15/20":0,"2/16/20":0,"2/17/20":0,"2/18/20":0,"2/19/20":0,"2/20/20":0,"2/21/20":0,"2/22/20":0,"2/23/20":0,"2/24/20":0,"2/25/20":0,"2/26/20":0,"2/27/20":0,"2/28/20":0,"2/29/20":0,"3/1/20":0,"3/2/20":0,"3/3/20":0,"3/4/20":0,"3/5/20":0,"3/6/20":0,"3/7/20":0,"3/8/20":0,"3/9/20":0,"3/10/20":0,"3/11/20":0,"3/12/20":0,"3/13/20":0,"3/14/20":0,"3/15/20":0,"3/16/20":0,"3/17/20":0,"3/18/20":0,"3/19/20":0,"3/20/20":0,"3/21/20":2,"3/22/20":2,"3/23/20":2,"3/24/20":10,"3/25/20":17,"3/26/20":17,"3/27/20":31,"3/28/20":31,"3/29/20":33,"3/30/20":44,"3/31/20":52,"4/1/20":67,"4/2/20":76,"4/3/20":89,"4/4/20":99,"4/5/20":104,"4/6/20":116,"4/7/20":131,"4/8/20":154},"latest":154},{"country":"Argentina","country_code":"AR","province":"Chaco","coordinates":{"lat":"28.0339","long":"1.6596"},"history":{"1/22/20":0,"1/23/20":0,"1/24/20":0,"1/25/20":0,"1/26/20":0,"1/27/20":0,"1/28/20":0,"1/29/20":0,"1/30/20":0,"1/31/20":0,"2/1/20":0,"2/2/20":0,"2/3/20":0,"2/4/20":0,"2/5/20":0,"2/6/20":0,"2/7/20":0,"2/8/20":0,"2/9/20":0,"2/10/20":0,"2/11/20":0,"2/12/20":0,"2/13/20":0,"2/14/20":0,"2/15/20":0,"2/16/20":0,"2/17/20":0,"2/18/20":0,"2/19/20":0,"2/20/20":0,"2/21/20":0,"2/22/20":0,"2/23/20":0,"2/24/20":0,"2/25/20":0,"2/26/20":0,"2/27/20":0,"2/28/20":0,"2/29/20":0,"3/1/20":0,"3/2/20":0,"3/3/20":0,"3/4/20":0,"3/5/20":0,"3/6/20":0,"3/7/20":0,"3/8/20":0,"3/9/20":0,"3/10/20":0,"3/11/20":0,"3/12/20":8,"3/13/20":8,"3/14/20":12,"3/15/20":12,"3/16/20":12,"3/17/20":12,"3/18/20":12,"3/19/20":32,"3/20/20":32,"3/21/20":32,"3/22/20":65,"3/23/20":65,"3/24/20":24,"3/25/20":65,"3/26/20":29,"3/27/20":29,"3/28/20":31,"3/29/20":31,"3/30/20":37,"3/31/20":46,"4/1/20":61,"4/2/20":61,"4/3/20":62,"4/4/20":90,"4/5/20":90,"4/6/20":90,"4/7/20":113,"4/8/20":237},"latest":237},{"country":"Argentina","country_code":"AR","province":"Chubut","coordinates":{"lat":"42.5063","long":"1.5218"},"history":{"1/22/20":0,"1/23/20":0,"1/24/20":0,"1/25/20":0,"1/26/20":0,"1/27/20":0,"1/28/20":0,"1/29/20":0,"1/30/20":0,"1/31/20":0,"2/1/20":0,"2/2/20":0,"2/3/20":0,"2/4/20":0,"2/5/20":0,"2/6/20":0,"2/7/20":0,"2/8/20":0,"2/9/20":0,"2/10/20":0,"2/11/20":0,"2/12/20":0,"2/13/20":0,"2/14/20":0,"2/15/20":0,"2/16/20":0,"2/17/20":0,"2/18/20":0,"2/19/20":0,"2/20/20":0,"2/21/20":0,"2/22/20":0,"2/23/20":0,"2/24/20":0,"2/25/20":0,"2/26/20":0,"2/27/20":0,"2/28/20":0,"2/29/20":0,"3/1/20":0,"3/2/20":0,"3/3/20":0,"3/4/20":0,"3/5/20":0,"3/6/20":0,"3/7/20":0,"3/8/20":0,"3/9/20":0,"3/10/20":0,"3/11/20":0,"3/12/20":1,"3/13/20":0,"3/14/20":1,"3/15/20":1,"3/16/20":1,"3/17/20":1,"3/18/20":1,"3/19/20":1,"3/20/20":1,"3/21/20":1,"3/22/20":1,"3/23/20":1,"3/24/20":1,"3/25/20":1,"3/26/20":1,"3/27/20":1,"3/28/20":1,"3/29/20":1,"3/30/20":10,"3/31/20":10,"4/1/20":10,"4/2/20":10,"4/3/20":16,"4/4/20":21,"4/5/20":26,"4/6/20":31,"4/7/20":39,"4/8/20":52},"latest":52},{"country":"Argentina","country_code":"AR","province":"C+APM-rdoba","coordinates":{"lat":"+AC0-11.2027","long":"17.8739"},"history":{"1/22/20":0,"1/23/20":0,"1/24/20":0,"1/25/20":0,"1/26/20":0,"1/27/20":0,"1/28/20":0,"1/29/20":0,"1/30/20":0,"1/31/20":0,"2/1/20":0,"2/2/20":0,"2/3/20":0,"2/4/20":0,"2/5/20":0,"2/6/20":0,"2/7/20":0,"2/8/20":0,"2/9/20":0,"2/10/20":0,"2/11/20":0,"2/12/20":0,"2/13/20":0,"2/14/20":0,"2/15/20":0,"2/16/20":0,"2/17/20":0,"2/18/20":0,"2/19/20":0,"2/20/20":0,"2/21/20":0,"2/22/20":0,"2/23/20":0,"2/24/20":0,"2/25/20":0,"2/26/20":0,"2/27/20":0,"2/28/20":0,"2/29/20":0,"3/1/20":0,"3/2/20":0,"3/3/20":0,"3/4/20":0,"3/5/20":0,"3/6/20":0,"3/7/20":0,"3/8/20":0,"3/9/20":0,"3/10/20":0,"3/11/20":0,"3/12/20":0,"3/13/20":0,"3/14/20":0,"3/15/20":0,"3/16/20":0,"3/17/20":0,"3/18/20":0,"3/19/20":0,"3/20/20":0,"3/21/20":0,"3/22/20":0,"3/23/20":0,"3/24/20":0,"3/25/20":0,"3/26/20":0,"3/27/20":0,"3/28/20":0,"3/29/20":0,"3/30/20":0,"3/31/20":1,"4/1/20":1,"4/2/20":1,"4/3/20":1,"4/4/20":2,"4/5/20":2,"4/6/20":2,"4/7/20":2,"4/8/20":2},"latest":2},{"country":"Argentina","country_code":"AR","province":"Corrientes","coordinates":{"lat":"17.0608","long":"+AC0-61.7964"},"history":{"1/22/20":0,"1/23/20":0,"1/24/20":0,"1/25/20":0,"1/26/20":0,"1/27/20":0,"1/28/20":0,"1/29/20":0,"1/30/20":0,"1/31/20":0,"2/1/20":0,"2/2/20":0,"2/3/20":0,"2/4/20":0,"2/5/20":0,"2/6/20":0,"2/7/20":0,"2/8/20":0,"2/9/20":0,"2/10/20":0,"2/11/20":0,"2/12/20":0,"2/13/20":0,"2/14/20":0,"2/15/20":0,"2/16/20":0,"2/17/20":0,"2/18/20":0,"2/19/20":0,"2/20/20":0,"2/21/20":0,"2/22/20":0,"2/23/20":0,"2/24/20":0,"2/25/20":0,"2/26/20":0,"2/27/20":0,"2/28/20":0,"2/29/20":0,"3/1/20":0,"3/2/20":0,"3/3/20":0,"3/4/20":0,"3/5/20":0,"3/6/20":0,"3/7/20":0,"3/8/20":0,"3/9/20":0,"3/10/20":0,"3/11/20":0,"3/12/20":0,"3/13/20":0,"3/14/20":0,"3/15/20":0,"3/16/20":0,"3/17/20":0,"3/18/20":0,"3/19/20":0,"3/20/20":0,"3/21/20":0,"3/22/20":0,"3/23/20":0,"3/24/20":0,"3/25/20":0,"3/26/20":0,"3/27/20":0,"3/28/20":0,"3/29/20":0,"3/30/20":0,"3/31/20":0,"4/1/20":0,"4/2/20":0,"4/3/20":0,"4/4/20":0,"4/5/20":0,"4/6/20":0,"4/7/20":0,"4/8/20":0},"latest":0},{"country":"Argentina","country_code":"AR","province":"Entre R+AO0-os","coordinates":{"lat":"+AC0-38.4161","long":"+AC0-63.6167"},"history":{"1/22/20":0,"1/23/20":0,"1/24/20":0,"1/25/20":0,"1/26/20":0,"1/27/20":0,"1/28/20":0,"1/29/20":0,"1/30/20":0,"1/31/20":0,"2/1/20":0,"2/2/20":0,"2/3/20":0,"2/4/20":0,"2/5/20":0,"2/6/20":0,"2/7/20":0,"2/8/20":0,"2/9/20":0,"2/10/20":0,"2/11/20":0,"2/12/20":0,"2/13/20":0,"2/14/20":0,"2/15/20":0,"2/16/20":0,"2/17/20":0,"2/18/20":0,"2/19/20":0,"2/20/20":0,"2/21/20":0,"2/22/20":0,"2/23/20":0,"2/24/20":0,"2/25/20":0,"2/26/20":0,"2/27/20":0,"2/28/20":0,"2/29/20":0,"3/1/20":0,"3/2/20":0,"3/3/20":0,"3/4/20":0,"3/5/20":0,"3/6/20":0,"3/7/20":0,"3/8/20":0,"3/9/20":0,"3/10/20":0,"3/11/20":0,"3/12/20":0,"3/13/20":0,"3/14/20":1,"3/15/20":1,"3/16/20":1,"3/17/20":3,"3/18/20":3,"3/19/20":3,"3/20/20":3,"3/21/20":3,"3/22/20":3,"3/23/20":3,"3/24/20":52,"3/25/20":52,"3/26/20":63,"3/27/20":72,"3/28/20":72,"3/29/20":72,"3/30/20":228,"3/31/20":240,"4/1/20":248,"4/2/20":256,"4/3/20":266,"4/4/20":279,"4/5/20":280,"4/6/20":325,"4/7/20":338,"4/8/20":358},"latest":358},{"country":"Argentina","country_code":"AR","province":"Formosa","coordinates":{"lat":"40.0691","long":"45.0382"},"history":{"1/22/20":0,"1/23/20":0,"1/24/20":0,"1/25/20":0,"1/26/20":0,"1/27/20":0,"1/28/20":0,"1/29/20":0,"1/30/20":0,"1/31/20":0,"2/1/20":0,"2/2/20":0,"2/3/20":0,"2/4/20":0,"2/5/20":0,"2/6/20":0,"2/7/20":0,"2/8/20":0,"2/9/20":0,"2/10/20":0,"2/11/20":0,"2/12/20":0,"2/13/20":0,"2/14/20":0,"2/15/20":0,"2/16/20":0,"2/17/20":0,"2/18/20":0,"2/19/20":0,"2/20/20":0,"2/21/20":0,"2/22/20":0,"2/23/20":0,"2/24/20":0,"2/25/20":0,"2/26/20":0,"2/27/20":0,"2/28/20":0,"2/29/20":0,"3/1/20":0,"3/2/20":0,"3/3/20":0,"3/4/20":0,"3/5/20":0,"3/6/20":0,"3/7/20":0,"3/8/20":0,"3/9/20":0,"3/10/20":0,"3/11/20":0,"3/12/20":0,"3/13/20":0,"3/14/20":0,"3/15/20":0,"3/16/20":0,"3/17/20":1,"3/18/20":1,"3/19/20":1,"3/20/20":1,"3/21/20":1,"3/22/20":2,"3/23/20":2,"3/24/20":14,"3/25/20":16,"3/26/20":18,"3/27/20":28,"3/28/20":30,"3/29/20":30,"3/30/20":30,"3/31/20":30,"4/1/20":31,"4/2/20":33,"4/3/20":43,"4/4/20":43,"4/5/20":57,"4/6/20":62,"4/7/20":87,"4/8/20":114},"latest":114},{"country":"Argentina","country_code":"AR","province":"Jujuy","coordinates":{"lat":"+AC0-35.4735","long":"149.0124"},"history":{"1/22/20":0,"1/23/20":0,"1/24/20":0,"1/25/20":0,"1/26/20":0,"1/27/20":0,"1/28/20":0,"1/29/20":0,"1/30/20":0,"1/31/20":0,"2/1/20":0,"2/2/20":0,"2/3/20":0,"2/4/20":0,"2/5/20":0,"2/6/20":0,"2/7/20":0,"2/8/20":0,"2/9/20":0,"2/10/20":0,"2/11/20":0,"2/12/20":0,"2/13/20":0,"2/14/20":0,"2/15/20":0,"2/16/20":0,"2/17/20":0,"2/18/20":0,"2/19/20":0,"2/20/20":0,"2/21/20":0,"2/22/20":0,"2/23/20":0,"2/24/20":0,"2/25/20":0,"2/26/20":0,"2/27/20":0,"2/28/20":0,"2/29/20":0,"3/1/20":0,"3/2/20":0,"3/3/20":0,"3/4/20":0,"3/5/20":0,"3/6/20":0,"3/7/20":0,"3/8/20":0,"3/9/20":0,"3/10/20":0,"3/11/20":0,"3/12/20":0,"3/13/20":0,"3/14/20":0,"3/15/20":0,"3/16/20":0,"3/17/20":0,"3/18/20":0,"3/19/20":0,"3/20/20":0,"3/21/20":0,"3/22/20":0,"3/23/20":0,"3/24/20":0,"3/25/20":0,"3/26/20":1,"3/27/20":1,"3/28/20":2,"3/29/20":2,"3/30/20":2,"3/31/20":3,"4/1/20":8,"4/2/20":11,"4/3/20":18,"4/4/20":18,"4/5/20":28,"4/6/20":40,"4/7/20":40,"4/8/20":40},"latest":40},{"country":"Argentina","country_code":"AR","province":"La Pampa","coordinates":{"lat":"+AC0-33.8688","long":"151.2093"},"history":{"1/22/20":0,"1/23/20":0,"1/24/20":0,"1/25/20":0,"1/26/20":0,"1/27/20":0,"1/28/20":0,"1/29/20":0,"1/30/20":2,"1/31/20":2,"2/1/20":2,"2/2/20":2,"2/3/20":2,"2/4/20":2,"2/5/20":2,"2/6/20":2,"2/7/20":2,"2/8/20":2,"2/9/20":2,"2/10/20":2,"2/11/20":2,"2/12/20":2,"2/13/20":4,"2/14/20":4,"2/15/20":4,"2/16/20":4,"2/17/20":4,"2/18/20":4,"2/19/20":4,"2/20/20":4,"2/21/20":4,"2/22/20":4,"2/23/20":4,"2/24/20":4,"2/25/20":4,"2/26/20":4,"2/27/20":4,"2/28/20":4,"2/29/20":4,"3/1/20":4,"3/2/20":4,"3/3/20":4,"3/4/20":4,"3/5/20":4,"3/6/20":4,"3/7/20":4,"3/8/20":4,"3/9/20":4,"3/10/20":4,"3/11/20":4,"3/12/20":4,"3/13/20":4,"3/14/20":4,"3/15/20":4,"3/16/20":4,"3/17/20":4,"3/18/20":4,"3/19/20":4,"3/20/20":4,"3/21/20":4,"3/22/20":4,"3/23/20":4,"3/24/20":4,"3/25/20":4,"3/26/20":4,"3/27/20":4,"3/28/20":4,"3/29/20":4,"3/30/20":4,"3/31/20":4,"4/1/20":4,"4/2/20":4,"4/3/20":4,"4/4/20":4,"4/5/20":4,"4/6/20":4,"4/7/20":4,"4/8/20":4},"latest":4},{"country":"Argentina","country_code":"AR","province":"La Rioja","coordinates":{"lat":"+AC0-12.4634","long":"130.8456"},"history":{"1/22/20":0,"1/23/20":0,"1/24/20":0,"1/25/20":0,"1/26/20":0,"1/27/20":0,"1/28/20":0,"1/29/20":0,"1/30/20":0,"1/31/20":0,"2/1/20":0,"2/2/20":0,"2/3/20":0,"2/4/20":0,"2/5/20":0,"2/6/20":0,"2/7/20":0,"2/8/20":0,"2/9/20":0,"2/10/20":0,"2/11/20":0,"2/12/20":0,"2/13/20":0,"2/14/20":0,"2/15/20":0,"2/16/20":0,"2/17/20":0,"2/18/20":0,"2/19/20":0,"2/20/20":0,"2/21/20":0,"2/22/20":0,"2/23/20":0,"2/24/20":0,"2/25/20":0,"2/26/20":0,"2/27/20":0,"2/28/20":0,"2/29/20":0,"3/1/20":0,"3/2/20":0,"3/3/20":0,"3/4/20":0,"3/5/20":0,"3/6/20":0,"3/7/20":0,"3/8/20":0,"3/9/20":0,"3/10/20":0,"3/11/20":0,"3/12/20":0,"3/13/20":0,"3/14/20":0,"3/15/20":0,"3/16/20":0,"3/17/20":0,"3/18/20":0,"3/19/20":0,"3/20/20":0,"3/21/20":0,"3/22/20":0,"3/23/20":0,"3/24/20":0,"3/25/20":0,"3/26/20":0,"3/27/20":0,"3/28/20":0,"3/29/20":0,"3/30/20":0,"3/31/20":0,"4/1/20":0,"4/2/20":0,"4/3/20":0,"4/4/20":1,"4/5/20":1,"4/6/20":2,"4/7/20":2,"4/8/20":2},"latest":2},{"country":"Argentina","country_code":"AR","province":"Mendoza","coordinates":{"lat":"+AC0-28.0167","long":"153.4"},"history":{"1/22/20":0,"1/23/20":0,"1/24/20":0,"1/25/20":0,"1/26/20":0,"1/27/20":0,"1/28/20":0,"1/29/20":0,"1/30/20":0,"1/31/20":0,"2/1/20":0,"2/2/20":0,"2/3/20":0,"2/4/20":0,"2/5/20":0,"2/6/20":0,"2/7/20":0,"2/8/20":0,"2/9/20":0,"2/10/20":0,"2/11/20":0,"2/12/20":0,"2/13/20":0,"2/14/20":0,"2/15/20":0,"2/16/20":0,"2/17/20":0,"2/18/20":0,"2/19/20":0,"2/20/20":0,"2/21/20":1,"2/22/20":1,"2/23/20":1,"2/24/20":1,"2/25/20":1,"2/26/20":1,"2/27/20":1,"2/28/20":1,"2/29/20":1,"3/1/20":1,"3/2/20":1,"3/3/20":1,"3/4/20":1,"3/5/20":8,"3/6/20":8,"3/7/20":8,"3/8/20":8,"3/9/20":8,"3/10/20":8,"3/11/20":8,"3/12/20":8,"3/13/20":8,"3/14/20":8,"3/15/20":8,"3/16/20":8,"3/17/20":8,"3/18/20":8,"3/19/20":8,"3/20/20":8,"3/21/20":8,"3/22/20":8,"3/23/20":8,"3/24/20":8,"3/25/20":8,"3/26/20":8,"3/27/20":8,"3/28/20":8,"3/29/20":8,"3/30/20":8,"3/31/20":8,"4/1/20":8,"4/2/20":8,"4/3/20":8,"4/4/20":8,"4/5/20":8,"4/6/20":173,"4/7/20":173,"4/8/20":173},"latest":173},{"country":"Argentina","country_code":"AR","province":"Misiones","coordinates":{"lat":"+AC0-34.9285","long":"138.6007"},"history":{"1/22/20":0,"1/23/20":0,"1/24/20":0,"1/25/20":0,"1/26/20":0,"1/27/20":0,"1/28/20":0,"1/29/20":0,"1/30/20":0,"1/31/20":0,"2/1/20":0,"2/2/20":0,"2/3/20":0,"2/4/20":0,"2/5/20":0,"2/6/20":0,"2/7/20":0,"2/8/20":0,"2/9/20":0,"2/10/20":0,"2/11/20":0,"2/12/20":0,"2/13/20":0,"2/14/20":0,"2/15/20":0,"2/16/20":0,"2/17/20":2,"2/18/20":2,"2/19/20":2,"2/20/20":2,"2/21/20":2,"2/22/20":2,"2/23/20":2,"2/24/20":2,"2/25/20":2,"2/26/20":2,"2/27/20":2,"2/28/20":2,"2/29/20":2,"3/1/20":2,"3/2/20":2,"3/3/20":2,"3/4/20":2,"3/5/20":2,"3/6/20":2,"3/7/20":2,"3/8/20":2,"3/9/20":2,"3/10/20":2,"3/11/20":2,"3/12/20":2,"3/13/20":3,"3/14/20":3,"3/15/20":3,"3/16/20":3,"3/17/20":3,"3/18/20":3,"3/19/20":3,"3/20/20":3,"3/21/20":3,"3/22/20":3,"3/23/20":3,"3/24/20":3,"3/25/20":6,"3/26/20":6,"3/27/20":6,"3/28/20":6,"3/29/20":6,"3/30/20":6,"3/31/20":6,"4/1/20":6,"4/2/20":6,"4/3/20":46,"4/4/20":46,"4/5/20":46,"4/6/20":53,"4/7/20":53,"4/8/20":53},"latest":53},{"country":"Argentina","country_code":"AR","province":"Neuqu+AOk-n","coordinates":{"lat":"+AC0-41.4545","long":"145.9707"},"history":{"1/22/20":0,"1/23/20":0,"1/24/20":0,"1/25/20":0,"1/26/20":0,"1/27/20":0,"1/28/20":0,"1/29/20":0,"1/30/20":0,"1/31/20":0,"2/1/20":0,"2/2/20":0,"2/3/20":0,"2/4/20":0,"2/5/20":0,"2/6/20":0,"2/7/20":0,"2/8/20":0,"2/9/20":0,"2/10/20":0,"2/11/20":0,"2/12/20":0,"2/13/20":0,"2/14/20":0,"2/15/20":0,"2/16/20":0,"2/17/20":0,"2/18/20":0,"2/19/20":0,"2/20/20":0,"2/21/20":0,"2/22/20":0,"2/23/20":0,"2/24/20":0,"2/25/20":0,"2/26/20":0,"2/27/20":0,"2/28/20":0,"2/29/20":0,"3/1/20":0,"3/2/20":0,"3/3/20":0,"3/4/20":0,"3/5/20":0,"3/6/20":0,"3/7/20":0,"3/8/20":0,"3/9/20":0,"3/10/20":0,"3/11/20":0,"3/12/20":0,"3/13/20":0,"3/14/20":0,"3/15/20":0,"3/16/20":0,"3/17/20":0,"3/18/20":0,"3/19/20":3,"3/20/20":3,"3/21/20":3,"3/22/20":3,"3/23/20":3,"3/24/20":3,"3/25/20":3,"3/26/20":3,"3/27/20":3,"3/28/20":5,"3/29/20":5,"3/30/20":5,"3/31/20":5,"4/1/20":5,"4/2/20":5,"4/3/20":5,"4/4/20":5,"4/5/20":5,"4/6/20":26,"4/7/20":26,"4/8/20":26},"latest":26},{"country":"Argentina","country_code":"AR","province":"R+AO0-o Negro","coordinates":{"lat":"+AC0-37.8136","long":"144.9631"},"history":{"1/22/20":0,"1/23/20":0,"1/24/20":0,"1/25/20":0,"1/26/20":0,"1/27/20":0,"1/28/20":0,"1/29/20":0,"1/30/20":0,"1/31/20":0,"2/1/20":0,"2/2/20":0,"2/3/20":0,"2/4/20":0,"2/5/20":0,"2/6/20":0,"2/7/20":0,"2/8/20":0,"2/9/20":0,"2/10/20":0,"2/11/20":0,"2/12/20":0,"2/13/20":4,"2/14/20":4,"2/15/20":4,"2/16/20":4,"2/17/20":4,"2/18/20":4,"2/19/20":4,"2/20/20":4,"2/21/20":4,"2/22/20":4,"2/23/20":4,"2/24/20":4,"2/25/20":4,"2/26/20":4,"2/27/20":4,"2/28/20":4,"2/29/20":4,"3/1/20":4,"3/2/20":4,"3/3/20":4,"3/4/20":4,"3/5/20":7,"3/6/20":7,"3/7/20":7,"3/8/20":7,"3/9/20":7,"3/10/20":7,"3/11/20":7,"3/12/20":7,"3/13/20":8,"3/14/20":8,"3/15/20":8,"3/16/20":8,"3/17/20":8,"3/18/20":8,"3/19/20":8,"3/20/20":8,"3/21/20":8,"3/22/20":70,"3/23/20":70,"3/24/20":97,"3/25/20":97,"3/26/20":149,"3/27/20":171,"3/28/20":191,"3/29/20":191,"3/30/20":191,"3/31/20":291,"4/1/20":343,"4/2/20":422,"4/3/20":476,"4/4/20":527,"4/5/20":573,"4/6/20":620,"4/7/20":620,"4/8/20":620},"latest":620},{"country":"Argentina","country_code":"AR","province":"Salta","coordinates":{"lat":"+AC0-31.9505","long":"115.8605"},"history":{"1/22/20":0,"1/23/20":0,"1/24/20":0,"1/25/20":0,"1/26/20":0,"1/27/20":0,"1/28/20":0,"1/29/20":0,"1/30/20":0,"1/31/20":0,"2/1/20":0,"2/2/20":0,"2/3/20":0,"2/4/20":0,"2/5/20":0,"2/6/20":0,"2/7/20":0,"2/8/20":0,"2/9/20":0,"2/10/20":0,"2/11/20":0,"2/12/20":0,"2/13/20":0,"2/14/20":0,"2/15/20":0,"2/16/20":0,"2/17/20":0,"2/18/20":0,"2/19/20":0,"2/20/20":0,"2/21/20":0,"2/22/20":0,"2/23/20":0,"2/24/20":0,"2/25/20":0,"2/26/20":0,"2/27/20":0,"2/28/20":0,"2/29/20":0,"3/1/20":0,"3/2/20":0,"3/3/20":0,"3/4/20":0,"3/5/20":0,"3/6/20":0,"3/7/20":0,"3/8/20":0,"3/9/20":0,"3/10/20":0,"3/11/20":0,"3/12/20":0,"3/13/20":0,"3/14/20":0,"3/15/20":0,"3/16/20":0,"3/17/20":0,"3/18/20":0,"3/19/20":0,"3/20/20":0,"3/21/20":0,"3/22/20":0,"3/23/20":0,"3/24/20":0,"3/25/20":1,"3/26/20":1,"3/27/20":1,"3/28/20":28,"3/29/20":28,"3/30/20":41,"3/31/20":41,"4/1/20":48,"4/2/20":64,"4/3/20":92,"4/4/20":92,"4/5/20":92,"4/6/20":162,"4/7/20":162,"4/8/20":162},"latest":162},{"country":"Argentina","country_code":"AR","province":"San Juan","coordinates":{"lat":"47.5162","long":"14.5501"},"history":{"1/22/20":0,"1/23/20":0,"1/24/20":0,"1/25/20":0,"1/26/20":0,"1/27/20":0,"1/28/20":0,"1/29/20":0,"1/30/20":0,"1/31/20":0,"2/1/20":0,"2/2/20":0,"2/3/20":0,"2/4/20":0,"2/5/20":0,"2/6/20":0,"2/7/20":0,"2/8/20":0,"2/9/20":0,"2/10/20":0,"2/11/20":0,"2/12/20":0,"2/13/20":0,"2/14/20":0,"2/15/20":0,"2/16/20":0,"2/17/20":0,"2/18/20":0,"2/19/20":0,"2/20/20":0,"2/21/20":0,"2/22/20":0,"2/23/20":0,"2/24/20":0,"2/25/20":0,"2/26/20":0,"2/27/20":0,"2/28/20":0,"2/29/20":0,"3/1/20":0,"3/2/20":0,"3/3/20":0,"3/4/20":0,"3/5/20":0,"3/6/20":0,"3/7/20":0,"3/8/20":0,"3/9/20":2,"3/10/20":4,"3/11/20":4,"3/12/20":4,"3/13/20":6,"3/14/20":6,"3/15/20":6,"3/16/20":6,"3/17/20":1,"3/18/20":9,"3/19/20":9,"3/20/20":9,"3/21/20":9,"3/22/20":9,"3/23/20":9,"3/24/20":9,"3/25/20":9,"3/26/20":112,"3/27/20":225,"3/28/20":225,"3/29/20":479,"3/30/20":636,"3/31/20":1095,"4/1/20":1436,"4/2/20":1749,"4/3/20":2022,"4/4/20":2507,"4/5/20":2998,"4/6/20":3463,"4/7/20":4046,"4/8/20":4512},"latest":4512},{"country":"Argentina","country_code":"AR","province":"San Luis","coordinates":{"lat":"40.1431","long":"47.5769"},"history":{"1/22/20":0,"1/23/20":0,"1/24/20":0,"1/25/20":0,"1/26/20":0,"1/27/20":0,"1/28/20":0,"1/29/20":0,"1/30/20":0,"1/31/20":0,"2/1/20":0,"2/2/20":0,"2/3/20":0,"2/4/20":0,"2/5/20":0,"2/6/20":0,"2/7/20":0,"2/8/20":0,"2/9/20":0,"2/10/20":0,"2/11/20":0,"2/12/20":0,"2/13/20":0,"2/14/20":0,"2/15/20":0,"2/16/20":0,"2/17/20":0,"2/18/20":0,"2/19/20":0,"2/20/20":0,"2/21/20":0,"2/22/20":0,"2/23/20":0,"2/24/20":0,"2/25/20":0,"2/26/20":0,"2/27/20":0,"2/28/20":0,"2/29/20":0,"3/1/20":0,"3/2/20":0,"3/3/20":0,"3/4/20":0,"3/5/20":0,"3/6/20":0,"3/7/20":0,"3/8/20":0,"3/9/20":0,"3/10/20":0,"3/11/20":3,"3/12/20":3,"3/13/20":3,"3/14/20":3,"3/15/20":6,"3/16/20":6,"3/17/20":6,"3/18/20":6,"3/19/20":6,"3/20/20":6,"3/21/20":11,"3/22/20":10,"3/23/20":10,"3/24/20":10,"3/25/20":10,"3/26/20":15,"3/27/20":15,"3/28/20":15,"3/29/20":15,"3/30/20":26,"3/31/20":26,"4/1/20":26,"4/2/20":26,"4/3/20":32,"4/4/20":32,"4/5/20":32,"4/6/20":44,"4/7/20":44,"4/8/20":63},"latest":63},{"country":"Argentina","country_code":"AR","province":"Santa Cruz","coordinates":{"lat":"25.0343","long":"+AC0-77.3963"},"history":{"1/22/20":0,"1/23/20":0,"1/24/20":0,"1/25/20":0,"1/26/20":0,"1/27/20":0,"1/28/20":0,"1/29/20":0,"1/30/20":0,"1/31/20":0,"2/1/20":0,"2/2/20":0,"2/3/20":0,"2/4/20":0,"2/5/20":0,"2/6/20":0,"2/7/20":0,"2/8/20":0,"2/9/20":0,"2/10/20":0,"2/11/20":0,"2/12/20":0,"2/13/20":0,"2/14/20":0,"2/15/20":0,"2/16/20":0,"2/17/20":0,"2/18/20":0,"2/19/20":0,"2/20/20":0,"2/21/20":0,"2/22/20":0,"2/23/20":0,"2/24/20":0,"2/25/20":0,"2/26/20":0,"2/27/20":0,"2/28/20":0,"2/29/20":0,"3/1/20":0,"3/2/20":0,"3/3/20":0,"3/4/20":0,"3/5/20":0,"3/6/20":0,"3/7/20":0,"3/8/20":0,"3/9/20":0,"3/10/20":0,"3/11/20":0,"3/12/20":0,"3/13/20":0,"3/14/20":0,"3/15/20":0,"3/16/20":0,"3/17/20":0,"3/18/20":0,"3/19/20":0,"3/20/20":0,"3/21/20":0,"3/22/20":0,"3/23/20":0,"3/24/20":1,"3/25/20":1,"3/26/20":1,"3/27/20":1,"3/28/20":1,"3/29/20":1,"3/30/20":1,"3/31/20":1,"4/1/20":1,"4/2/20":1,"4/3/20":1,"4/4/20":0,"4/5/20":0,"4/6/20":4,"4/7/20":5,"4/8/20":5},"latest":5},{"country":"Argentina","country_code":"AR","province":"Santa Fe","coordinates":{"lat":"26.0275","long":"50.55"},"history":{"1/22/20":0,"1/23/20":0,"1/24/20":0,"1/25/20":0,"1/26/20":0,"1/27/20":0,"1/28/20":0,"1/29/20":0,"1/30/20":0,"1/31/20":0,"2/1/20":0,"2/2/20":0,"2/3/20":0,"2/4/20":0,"2/5/20":0,"2/6/20":0,"2/7/20":0,"2/8/20":0,"2/9/20":0,"2/10/20":0,"2/11/20":0,"2/12/20":0,"2/13/20":0,"2/14/20":0,"2/15/20":0,"2/16/20":0,"2/17/20":0,"2/18/20":0,"2/19/20":0,"2/20/20":0,"2/21/20":0,"2/22/20":0,"2/23/20":0,"2/24/20":0,"2/25/20":0,"2/26/20":0,"2/27/20":0,"2/28/20":0,"2/29/20":0,"3/1/20":0,"3/2/20":0,"3/3/20":0,"3/4/20":0,"3/5/20":0,"3/6/20":4,"3/7/20":4,"3/8/20":4,"3/9/20":14,"3/10/20":22,"3/11/20":35,"3/12/20":35,"3/13/20":44,"3/14/20":44,"3/15/20":60,"3/16/20":77,"3/17/20":81,"3/18/20":88,"3/19/20":100,"3/20/20":100,"3/21/20":125,"3/22/20":149,"3/23/20":149,"3/24/20":177,"3/25/20":177,"3/26/20":204,"3/27/20":227,"3/28/20":265,"3/29/20":272,"3/30/20":279,"3/31/20":295,"4/1/20":337,"4/2/20":381,"4/3/20":382,"4/4/20":423,"4/5/20":431,"4/6/20":458,"4/7/20":458,"4/8/20":477},"latest":477},{"country":"Argentina","country_code":"AR","province":"Santiago del Estero","coordinates":{"lat":"23.685","long":"90.3563"},"history":{"1/22/20":0,"1/23/20":0,"1/24/20":0,"1/25/20":0,"1/26/20":0,"1/27/20":0,"1/28/20":0,"1/29/20":0,"1/30/20":0,"1/31/20":0,"2/1/20":0,"2/2/20":0,"2/3/20":0,"2/4/20":0,"2/5/20":0,"2/6/20":0,"2/7/20":0,"2/8/20":0,"2/9/20":0,"2/10/20":0,"2/11/20":0,"2/12/20":0,"2/13/20":0,"2/14/20":0,"2/15/20":0,"2/16/20":0,"2/17/20":0,"2/18/20":0,"2/19/20":0,"2/20/20":0,"2/21/20":0,"2/22/20":0,"2/23/20":0,"2/24/20":0,"2/25/20":0,"2/26/20":0,"2/27/20":0,"2/28/20":0,"2/29/20":0,"3/1/20":0,"3/2/20":0,"3/3/20":0,"3/4/20":0,"3/5/20":0,"3/6/20":0,"3/7/20":0,"3/8/20":0,"3/9/20":0,"3/10/20":0,"3/11/20":0,"3/12/20":0,"3/13/20":0,"3/14/20":0,"3/15/20":0,"3/16/20":2,"3/17/20":3,"3/18/20":3,"3/19/20":3,"3/20/20":3,"3/21/20":3,"3/22/20":3,"3/23/20":3,"3/24/20":5,"3/25/20":7,"3/26/20":11,"3/27/20":11,"3/28/20":15,"3/29/20":15,"3/30/20":19,"3/31/20":25,"4/1/20":25,"4/2/20":25,"4/3/20":26,"4/4/20":30,"4/5/20":33,"4/6/20":33,"4/7/20":33,"4/8/20":33},"latest":33},{"country":"Argentina","country_code":"AR","province":"Tierra del Fuego","coordinates":{"lat":"13.1939","long":"+AC0-59.5432"},"history":{"1/22/20":0,"1/23/20":0,"1/24/20":0,"1/25/20":0,"1/26/20":0,"1/27/20":0,"1/28/20":0,"1/29/20":0,"1/30/20":0,"1/31/20":0,"2/1/20":0,"2/2/20":0,"2/3/20":0,"2/4/20":0,"2/5/20":0,"2/6/20":0,"2/7/20":0,"2/8/20":0,"2/9/20":0,"2/10/20":0,"2/11/20":0,"2/12/20":0,"2/13/20":0,"2/14/20":0,"2/15/20":0,"2/16/20":0,"2/17/20":0,"2/18/20":0,"2/19/20":0,"2/20/20":0,"2/21/20":0,"2/22/20":0,"2/23/20":0,"2/24/20":0,"2/25/20":0,"2/26/20":0,"2/27/20":0,"2/28/20":0,"2/29/20":0,"3/1/20":0,"3/2/20":0,"3/3/20":0,"3/4/20":0,"3/5/20":0,"3/6/20":0,"3/7/20":0,"3/8/20":0,"3/9/20":0,"3/10/20":0,"3/11/20":0,"3/12/20":0,"3/13/20":0,"3/14/20":0,"3/15/20":0,"3/16/20":0,"3/17/20":0,"3/18/20":0,"3/19/20":0,"3/20/20":0,"3/21/20":0,"3/22/20":0,"3/23/20":0,"3/24/20":0,"3/25/20":0,"3/26/20":0,"3/27/20":0,"3/28/20":0,"3/29/20":0,"3/30/20":0,"3/31/20":0,"4/1/20":0,"4/2/20":0,"4/3/20":0,"4/4/20":0,"4/5/20":6,"4/6/20":6,"4/7/20":6,"4/8/20":8},"latest":8},{"country":"Argentina","country_code":"AR","province":"Tucum+AOE-n","coordinates":{"lat":"53.7098","long":"27.9534"},"history":{"1/22/20":0,"1/23/20":0,"1/24/20":0,"1/25/20":0,"1/26/20":0,"1/27/20":0,"1/28/20":0,"1/29/20":0,"1/30/20":0,"1/31/20":0,"2/1/20":0,"2/2/20":0,"2/3/20":0,"2/4/20":0,"2/5/20":0,"2/6/20":0,"2/7/20":0,"2/8/20":0,"2/9/20":0,"2/10/20":0,"2/11/20":0,"2/12/20":0,"2/13/20":0,"2/14/20":0,"2/15/20":0,"2/16/20":0,"2/17/20":0,"2/18/20":0,"2/19/20":0,"2/20/20":0,"2/21/20":0,"2/22/20":0,"2/23/20":0,"2/24/20":0,"2/25/20":0,"2/26/20":0,"2/27/20":0,"2/28/20":0,"2/29/20":0,"3/1/20":0,"3/2/20":0,"3/3/20":0,"3/4/20":0,"3/5/20":0,"3/6/20":0,"3/7/20":0,"3/8/20":0,"3/9/20":1,"3/10/20":3,"3/11/20":3,"3/12/20":3,"3/13/20":3,"3/14/20":3,"3/15/20":3,"3/16/20":3,"3/17/20":3,"3/18/20":5,"3/19/20":5,"3/20/20":5,"3/21/20":15,"3/22/20":15,"3/23/20":15,"3/24/20":22,"3/25/20":29,"3/26/20":29,"3/27/20":32,"3/28/20":32,"3/29/20":32,"3/30/20":32,"3/31/20":47,"4/1/20":53,"4/2/20":53,"4/3/20":53,"4/4/20":53,"4/5/20":52,"4/6/20":53,"4/7/20":54,"4/8/20":77},"latest":77},{"country":"Argentina","country_code":"AR","province":"Ciudad Autonoma de Buenos Aires","coordinates":{"lat":"50.8333","long":"4"},"history":{"1/22/20":0,"1/23/20":0,"1/24/20":0,"1/25/20":0,"1/26/20":0,"1/27/20":0,"1/28/20":0,"1/29/20":0,"1/30/20":0,"1/31/20":0,"2/1/20":0,"2/2/20":0,"2/3/20":0,"2/4/20":0,"2/5/20":0,"2/6/20":0,"2/7/20":0,"2/8/20":0,"2/9/20":0,"2/10/20":0,"2/11/20":0,"2/12/20":0,"2/13/20":0,"2/14/20":0,"2/15/20":0,"2/16/20":0,"2/17/20":1,"2/18/20":1,"2/19/20":1,"2/20/20":1,"2/21/20":1,"2/22/20":1,"2/23/20":1,"2/24/20":1,"2/25/20":1,"2/26/20":1,"2/27/20":1,"2/28/20":1,"2/29/20":1,"3/1/20":1,"3/2/20":1,"3/3/20":1,"3/4/20":1,"3/5/20":1,"3/6/20":1,"3/7/20":1,"3/8/20":1,"3/9/20":1,"3/10/20":1,"3/11/20":1,"3/12/20":1,"3/13/20":1,"3/14/20":1,"3/15/20":1,"3/16/20":1,"3/17/20":1,"3/18/20":31,"3/19/20":31,"3/20/20":1,"3/21/20":263,"3/22/20":263,"3/23/20":263,"3/24/20":461,"3/25/20":547,"3/26/20":675,"3/27/20":858,"3/28/20":1063,"3/29/20":1359,"3/30/20":1527,"3/31/20":1696,"4/1/20":2132,"4/2/20":2495,"4/3/20":2872,"4/4/20":3247,"4/5/20":3751,"4/6/20":3986,"4/7/20":4157,"4/8/20":4681},"latest":4681}],"latest":11882,"last_updated":"2020-03-17T10:23:22.505550Z","source":"https://github.com/facttic/apibueno"}